Archive member included to satisfy reference by file (symbol)

/Applications/STM32CubeIDE.app/Contents/Eclipse/plugins/com.st.stm32cube.ide.mcu.externaltools.gnu-tools-for-stm32.10.3-2021.10.macos64_1.0.200.202301161003/tools/bin/../lib/gcc/arm-none-eabi/10.3.1/../../../../arm-none-eabi/lib/thumb/v7e-m+dp/hard/libc_nano.a(lib_a-errno.o)
                              ./Core/Src/syscalls.o (__errno)
/Applications/STM32CubeIDE.app/Contents/Eclipse/plugins/com.st.stm32cube.ide.mcu.externaltools.gnu-tools-for-stm32.10.3-2021.10.macos64_1.0.200.202301161003/tools/bin/../lib/gcc/arm-none-eabi/10.3.1/../../../../arm-none-eabi/lib/thumb/v7e-m+dp/hard/libc_nano.a(lib_a-exit.o)
                              /Applications/STM32CubeIDE.app/Contents/Eclipse/plugins/com.st.stm32cube.ide.mcu.externaltools.gnu-tools-for-stm32.10.3-2021.10.macos64_1.0.200.202301161003/tools/bin/../lib/gcc/arm-none-eabi/10.3.1/../../../../arm-none-eabi/lib/thumb/v7e-m+dp/hard/crt0.o (exit)
/Applications/STM32CubeIDE.app/Contents/Eclipse/plugins/com.st.stm32cube.ide.mcu.externaltools.gnu-tools-for-stm32.10.3-2021.10.macos64_1.0.200.202301161003/tools/bin/../lib/gcc/arm-none-eabi/10.3.1/../../../../arm-none-eabi/lib/thumb/v7e-m+dp/hard/libc_nano.a(lib_a-impure.o)
                              /Applications/STM32CubeIDE.app/Contents/Eclipse/plugins/com.st.stm32cube.ide.mcu.externaltools.gnu-tools-for-stm32.10.3-2021.10.macos64_1.0.200.202301161003/tools/bin/../lib/gcc/arm-none-eabi/10.3.1/../../../../arm-none-eabi/lib/thumb/v7e-m+dp/hard/libc_nano.a(lib_a-exit.o) (_global_impure_ptr)
/Applications/STM32CubeIDE.app/Contents/Eclipse/plugins/com.st.stm32cube.ide.mcu.externaltools.gnu-tools-for-stm32.10.3-2021.10.macos64_1.0.200.202301161003/tools/bin/../lib/gcc/arm-none-eabi/10.3.1/../../../../arm-none-eabi/lib/thumb/v7e-m+dp/hard/libc_nano.a(lib_a-init.o)
                              /Applications/STM32CubeIDE.app/Contents/Eclipse/plugins/com.st.stm32cube.ide.mcu.externaltools.gnu-tools-for-stm32.10.3-2021.10.macos64_1.0.200.202301161003/tools/bin/../lib/gcc/arm-none-eabi/10.3.1/../../../../arm-none-eabi/lib/thumb/v7e-m+dp/hard/crt0.o (__libc_init_array)
/Applications/STM32CubeIDE.app/Contents/Eclipse/plugins/com.st.stm32cube.ide.mcu.externaltools.gnu-tools-for-stm32.10.3-2021.10.macos64_1.0.200.202301161003/tools/bin/../lib/gcc/arm-none-eabi/10.3.1/../../../../arm-none-eabi/lib/thumb/v7e-m+dp/hard/libc_nano.a(lib_a-memset.o)
                              /Applications/STM32CubeIDE.app/Contents/Eclipse/plugins/com.st.stm32cube.ide.mcu.externaltools.gnu-tools-for-stm32.10.3-2021.10.macos64_1.0.200.202301161003/tools/bin/../lib/gcc/arm-none-eabi/10.3.1/../../../../arm-none-eabi/lib/thumb/v7e-m+dp/hard/crt0.o (memset)
/Applications/STM32CubeIDE.app/Contents/Eclipse/plugins/com.st.stm32cube.ide.mcu.externaltools.gnu-tools-for-stm32.10.3-2021.10.macos64_1.0.200.202301161003/tools/bin/../lib/gcc/arm-none-eabi/10.3.1/thumb/v7e-m+dp/hard/libgcc.a(_aeabi_uldivmod.o)
                              ./Drivers/STM32H7xx_HAL_Driver/Src/stm32h7xx_hal_uart.o (__aeabi_uldivmod)
/Applications/STM32CubeIDE.app/Contents/Eclipse/plugins/com.st.stm32cube.ide.mcu.externaltools.gnu-tools-for-stm32.10.3-2021.10.macos64_1.0.200.202301161003/tools/bin/../lib/gcc/arm-none-eabi/10.3.1/thumb/v7e-m+dp/hard/libgcc.a(_udivmoddi4.o)
                              /Applications/STM32CubeIDE.app/Contents/Eclipse/plugins/com.st.stm32cube.ide.mcu.externaltools.gnu-tools-for-stm32.10.3-2021.10.macos64_1.0.200.202301161003/tools/bin/../lib/gcc/arm-none-eabi/10.3.1/thumb/v7e-m+dp/hard/libgcc.a(_aeabi_uldivmod.o) (__udivmoddi4)
/Applications/STM32CubeIDE.app/Contents/Eclipse/plugins/com.st.stm32cube.ide.mcu.externaltools.gnu-tools-for-stm32.10.3-2021.10.macos64_1.0.200.202301161003/tools/bin/../lib/gcc/arm-none-eabi/10.3.1/thumb/v7e-m+dp/hard/libgcc.a(_dvmd_tls.o)
                              /Applications/STM32CubeIDE.app/Contents/Eclipse/plugins/com.st.stm32cube.ide.mcu.externaltools.gnu-tools-for-stm32.10.3-2021.10.macos64_1.0.200.202301161003/tools/bin/../lib/gcc/arm-none-eabi/10.3.1/thumb/v7e-m+dp/hard/libgcc.a(_aeabi_uldivmod.o) (__aeabi_ldiv0)

Discarded input sections

 .text          0x0000000000000000        0x0 /Applications/STM32CubeIDE.app/Contents/Eclipse/plugins/com.st.stm32cube.ide.mcu.externaltools.gnu-tools-for-stm32.10.3-2021.10.macos64_1.0.200.202301161003/tools/bin/../lib/gcc/arm-none-eabi/10.3.1/thumb/v7e-m+dp/hard/crti.o
 .data          0x0000000000000000        0x0 /Applications/STM32CubeIDE.app/Contents/Eclipse/plugins/com.st.stm32cube.ide.mcu.externaltools.gnu-tools-for-stm32.10.3-2021.10.macos64_1.0.200.202301161003/tools/bin/../lib/gcc/arm-none-eabi/10.3.1/thumb/v7e-m+dp/hard/crti.o
 .bss           0x0000000000000000        0x0 /Applications/STM32CubeIDE.app/Contents/Eclipse/plugins/com.st.stm32cube.ide.mcu.externaltools.gnu-tools-for-stm32.10.3-2021.10.macos64_1.0.200.202301161003/tools/bin/../lib/gcc/arm-none-eabi/10.3.1/thumb/v7e-m+dp/hard/crti.o
[...]
Memory Configuration

Name             Origin             Length             Attributes
FLASH            0x0000000008000000 0x0000000000200000 xr
DTCMRAM          0x0000000020000000 0x0000000000020000 xrw
RAM_D1           0x0000000024000000 0x0000000000080000 xrw
RAM_D2           0x0000000030000000 0x0000000000048000 xrw
RAM_D3           0x0000000038000000 0x0000000000010000 xrw
ITCMRAM          0x0000000000000000 0x0000000000010000 xrw
*default*        0x0000000000000000 0xffffffffffffffff

Linker script and memory map

LOAD /Applications/STM32CubeIDE.app/Contents/Eclipse/plugins/com.st.stm32cube.ide.mcu.externaltools.gnu-tools-for-stm32.10.3-2021.10.macos64_1.0.200.202301161003/tools/bin/../lib/gcc/arm-none-eabi/10.3.1/thumb/v7e-m+dp/hard/crti.o
LOAD /Applications/STM32CubeIDE.app/Contents/Eclipse/plugins/com.st.stm32cube.ide.mcu.externaltools.gnu-tools-for-stm32.10.3-2021.10.macos64_1.0.200.202301161003/tools/bin/../lib/gcc/arm-none-eabi/10.3.1/thumb/v7e-m+dp/hard/crtbegin.o
LOAD /Applications/STM32CubeIDE.app/Contents/Eclipse/plugins/com.st.stm32cube.ide.mcu.externaltools.gnu-tools-for-stm32.10.3-2021.10.macos64_1.0.200.202301161003/tools/bin/../lib/gcc/arm-none-eabi/10.3.1/../../../../arm-none-eabi/lib/thumb/v7e-m+dp/hard/crt0.o
LOAD ./Core/Src/main.o
LOAD ./Core/Src/stm32h7xx_hal_msp.o
LOAD ./Core/Src/stm32h7xx_it.o
LOAD ./Core/Src/syscalls.o
LOAD ./Core/Src/sysmem.o
LOAD ./Core/Src/system_stm32h7xx.o
LOAD ./Core/Startup/startup_stm32h743zitx.o
LOAD ./Drivers/STM32H7xx_HAL_Driver/Src/stm32h7xx_hal.o
LOAD ./Drivers/STM32H7xx_HAL_Driver/Src/stm32h7xx_hal_cortex.o
LOAD ./Drivers/STM32H7xx_HAL_Driver/Src/stm32h7xx_hal_dma.o
LOAD ./Drivers/STM32H7xx_HAL_Driver/Src/stm32h7xx_hal_dma_ex.o
LOAD ./Drivers/STM32H7xx_HAL_Driver/Src/stm32h7xx_hal_eth.o
LOAD ./Drivers/STM32H7xx_HAL_Driver/Src/stm32h7xx_hal_eth_ex.o
LOAD ./Drivers/STM32H7xx_HAL_Driver/Src/stm32h7xx_hal_exti.o
LOAD ./Drivers/STM32H7xx_HAL_Driver/Src/stm32h7xx_hal_flash.o
LOAD ./Drivers/STM32H7xx_HAL_Driver/Src/stm32h7xx_hal_flash_ex.o
LOAD ./Drivers/STM32H7xx_HAL_Driver/Src/stm32h7xx_hal_gpio.o
LOAD ./Drivers/STM32H7xx_HAL_Driver/Src/stm32h7xx_hal_hsem.o
LOAD ./Drivers/STM32H7xx_HAL_Driver/Src/stm32h7xx_hal_i2c.o
LOAD ./Drivers/STM32H7xx_HAL_Driver/Src/stm32h7xx_hal_i2c_ex.o
LOAD ./Drivers/STM32H7xx_HAL_Driver/Src/stm32h7xx_hal_mdma.o
LOAD ./Drivers/STM32H7xx_HAL_Driver/Src/stm32h7xx_hal_pcd.o
LOAD ./Drivers/STM32H7xx_HAL_Driver/Src/stm32h7xx_hal_pcd_ex.o
LOAD ./Drivers/STM32H7xx_HAL_Driver/Src/stm32h7xx_hal_pwr.o
LOAD ./Drivers/STM32H7xx_HAL_Driver/Src/stm32h7xx_hal_pwr_ex.o
LOAD ./Drivers/STM32H7xx_HAL_Driver/Src/stm32h7xx_hal_rcc.o
LOAD ./Drivers/STM32H7xx_HAL_Driver/Src/stm32h7xx_hal_rcc_ex.o
LOAD ./Drivers/STM32H7xx_HAL_Driver/Src/stm32h7xx_hal_tim.o
LOAD ./Drivers/STM32H7xx_HAL_Driver/Src/stm32h7xx_hal_tim_ex.o
LOAD ./Drivers/STM32H7xx_HAL_Driver/Src/stm32h7xx_hal_uart.o
LOAD ./Drivers/STM32H7xx_HAL_Driver/Src/stm32h7xx_hal_uart_ex.o
LOAD ./Drivers/STM32H7xx_HAL_Driver/Src/stm32h7xx_ll_usb.o
START GROUP
LOAD /Applications/STM32CubeIDE.app/Contents/Eclipse/plugins/com.st.stm32cube.ide.mcu.externaltools.gnu-tools-for-stm32.10.3-2021.10.macos64_1.0.200.202301161003/tools/bin/../lib/gcc/arm-none-eabi/10.3.1/../../../../arm-none-eabi/lib/thumb/v7e-m+dp/hard/libc_nano.a
LOAD /Applications/STM32CubeIDE.app/Contents/Eclipse/plugins/com.st.stm32cube.ide.mcu.externaltools.gnu-tools-for-stm32.10.3-2021.10.macos64_1.0.200.202301161003/tools/bin/../lib/gcc/arm-none-eabi/10.3.1/../../../../arm-none-eabi/lib/thumb/v7e-m+dp/hard/libm.a
END GROUP
START GROUP
LOAD /Applications/STM32CubeIDE.app/Contents/Eclipse/plugins/com.st.stm32cube.ide.mcu.externaltools.gnu-tools-for-stm32.10.3-2021.10.macos64_1.0.200.202301161003/tools/bin/../lib/gcc/arm-none-eabi/10.3.1/thumb/v7e-m+dp/hard/libgcc.a
LOAD /Applications/STM32CubeIDE.app/Contents/Eclipse/plugins/com.st.stm32cube.ide.mcu.externaltools.gnu-tools-for-stm32.10.3-2021.10.macos64_1.0.200.202301161003/tools/bin/../lib/gcc/arm-none-eabi/10.3.1/../../../../arm-none-eabi/lib/thumb/v7e-m+dp/hard/libc_nano.a
END GROUP
START GROUP
LOAD /Applications/STM32CubeIDE.app/Contents/Eclipse/plugins/com.st.stm32cube.ide.mcu.externaltools.gnu-tools-for-stm32.10.3-2021.10.macos64_1.0.200.202301161003/tools/bin/../lib/gcc/arm-none-eabi/10.3.1/thumb/v7e-m+dp/hard/libgcc.a
LOAD /Applications/STM32CubeIDE.app/Contents/Eclipse/plugins/com.st.stm32cube.ide.mcu.externaltools.gnu-tools-for-stm32.10.3-2021.10.macos64_1.0.200.202301161003/tools/bin/../lib/gcc/arm-none-eabi/10.3.1/../../../../arm-none-eabi/lib/thumb/v7e-m+dp/hard/libc_nano.a
LOAD /Applications/STM32CubeIDE.app/Contents/Eclipse/plugins/com.st.stm32cube.ide.mcu.externaltools.gnu-tools-for-stm32.10.3-2021.10.macos64_1.0.200.202301161003/tools/bin/../lib/gcc/arm-none-eabi/10.3.1/../../../../arm-none-eabi/lib/thumb/v7e-m+dp/hard/libnosys.a
END GROUP
START GROUP
LOAD /Applications/STM32CubeIDE.app/Contents/Eclipse/plugins/com.st.stm32cube.ide.mcu.externaltools.gnu-tools-for-stm32.10.3-2021.10.macos64_1.0.200.202301161003/tools/bin/../lib/gcc/arm-none-eabi/10.3.1/thumb/v7e-m+dp/hard/libgcc.a
LOAD /Applications/STM32CubeIDE.app/Contents/Eclipse/plugins/com.st.stm32cube.ide.mcu.externaltools.gnu-tools-for-stm32.10.3-2021.10.macos64_1.0.200.202301161003/tools/bin/../lib/gcc/arm-none-eabi/10.3.1/../../../../arm-none-eabi/lib/thumb/v7e-m+dp/hard/libc_nano.a
LOAD /Applications/STM32CubeIDE.app/Contents/Eclipse/plugins/com.st.stm32cube.ide.mcu.externaltools.gnu-tools-for-stm32.10.3-2021.10.macos64_1.0.200.202301161003/tools/bin/../lib/gcc/arm-none-eabi/10.3.1/../../../../arm-none-eabi/lib/thumb/v7e-m+dp/hard/libnosys.a
END GROUP
LOAD /Applications/STM32CubeIDE.app/Contents/Eclipse/plugins/com.st.stm32cube.ide.mcu.externaltools.gnu-tools-for-stm32.10.3-2021.10.macos64_1.0.200.202301161003/tools/bin/../lib/gcc/arm-none-eabi/10.3.1/thumb/v7e-m+dp/hard/crtend.o
LOAD /Applications/STM32CubeIDE.app/Contents/Eclipse/plugins/com.st.stm32cube.ide.mcu.externaltools.gnu-tools-for-stm32.10.3-2021.10.macos64_1.0.200.202301161003/tools/bin/../lib/gcc/arm-none-eabi/10.3.1/thumb/v7e-m+dp/hard/crtn.o
                0x0000000024080000                _estack = (ORIGIN (RAM_D1) + LENGTH (RAM_D1))
                0x0000000000000200                _Min_Heap_Size = 0x200
                0x0000000000000400                _Min_Stack_Size = 0x400

.isr_vector     0x0000000008000000      0x298
                0x0000000008000000                . = ALIGN (0x4)
 *(.isr_vector)
 .isr_vector    0x0000000008000000      0x298 ./Core/Startup/startup_stm32h743zitx.o
                0x0000000008000000                g_pfnVectors
                0x0000000008000298                . = ALIGN (0x4)

.text           0x0000000008000298     0x7098
                0x0000000008000298                . = ALIGN (0x4)
 *(.text)
 .text          0x0000000008000298       0x40 /Applications/STM32CubeIDE.app/Contents/Eclipse/plugins/com.st.stm32cube.ide.mcu.externaltools.gnu-tools-for-stm32.10.3-2021.10.macos64_1.0.200.202301161003/tools/bin/../lib/gcc/arm-none-eabi/10.3.1/thumb/v7e-m+dp/hard/crtbegin.o
 .text          0x00000000080002d8       0x30 /Applications/STM32CubeIDE.app/Contents/Eclipse/plugins/com.st.stm32cube.ide.mcu.externaltools.gnu-tools-for-stm32.10.3-2021.10.macos64_1.0.200.202301161003/tools/bin/../lib/gcc/arm-none-eabi/10.3.1/thumb/v7e-m+dp/hard/libgcc.a(_aeabi_uldivmod.o)
                0x00000000080002d8                __aeabi_uldivmod
 .text          0x0000000008000308      0x2d0 /Applications/STM32CubeIDE.app/Contents/Eclipse/plugins/com.st.stm32cube.ide.mcu.externaltools.gnu-tools-for-stm32.10.3-2021.10.macos64_1.0.200.202301161003/tools/bin/../lib/gcc/arm-none-eabi/10.3.1/thumb/v7e-m+dp/hard/libgcc.a(_udivmoddi4.o)
                0x0000000008000308                __udivmoddi4
 .text          0x00000000080005d8        0x4 /Applications/STM32CubeIDE.app/Contents/Eclipse/plugins/com.st.stm32cube.ide.mcu.externaltools.gnu-tools-for-stm32.10.3-2021.10.macos64_1.0.200.202301161003/tools/bin/../lib/gcc/arm-none-eabi/10.3.1/thumb/v7e-m+dp/hard/libgcc.a(_dvmd_tls.o)
                0x00000000080005d8                __aeabi_ldiv0
                0x00000000080005d8                __aeabi_idiv0
 *(.text*)
 .text.main     0x00000000080005dc       0x3c ./Core/Src/main.o
                0x00000000080005dc                main
 .text.SystemClock_Config
                0x0000000008000618      0x100 ./Core/Src/main.o
                0x0000000008000618                SystemClock_Config
 .text.MX_ETH_Init
                0x0000000008000718       0x98 ./Core/Src/main.o
 .text.MX_TIM2_Init
                0x00000000080007b0       0x9c ./Core/Src/main.o
 .text.MX_TIM3_Init
                0x000000000800084c       0xa0 ./Core/Src/main.o
 .text.MX_USART3_UART_Init
                0x00000000080008ec       0x98 ./Core/Src/main.o
 .text.MX_USB_OTG_FS_PCD_Init
                0x0000000008000984       0x64 ./Core/Src/main.o
 .text.MX_GPIO_Init
                0x00000000080009e8      0x1b8 ./Core/Src/main.o
 .text.HAL_TIM_PeriodElapsedCallback
                0x0000000008000ba0       0x40 ./Core/Src/main.o
                0x0000000008000ba0                HAL_TIM_PeriodElapsedCallback
 .text.Error_Handler
                0x0000000008000be0        0xa ./Core/Src/main.o
                0x0000000008000be0                Error_Handler
 *fill*         0x0000000008000bea        0x2 
 .text.HAL_MspInit
                0x0000000008000bec       0x34 ./Core/Src/stm32h7xx_hal_msp.o
                0x0000000008000bec                HAL_MspInit
 .text.HAL_ETH_MspInit
                0x0000000008000c20      0x19c ./Core/Src/stm32h7xx_hal_msp.o
                0x0000000008000c20                HAL_ETH_MspInit
 .text.HAL_TIM_Base_MspInit
                0x0000000008000dbc       0x8c ./Core/Src/stm32h7xx_hal_msp.o
                0x0000000008000dbc                HAL_TIM_Base_MspInit
 .text.HAL_UART_MspInit
                0x0000000008000e48       0xd4 ./Core/Src/stm32h7xx_hal_msp.o
                0x0000000008000e48                HAL_UART_MspInit
 .text.HAL_PCD_MspInit
                0x0000000008000f1c       0xf8 ./Core/Src/stm32h7xx_hal_msp.o
                0x0000000008000f1c                HAL_PCD_MspInit
 .text.NMI_Handler
                0x0000000008001014        0x6 ./Core/Src/stm32h7xx_it.o
                0x0000000008001014                NMI_Handler
 .text.HardFault_Handler
                0x000000000800101a        0x6 ./Core/Src/stm32h7xx_it.o
                0x000000000800101a                HardFault_Handler
 .text.MemManage_Handler
                0x0000000008001020        0x6 ./Core/Src/stm32h7xx_it.o
                0x0000000008001020                MemManage_Handler
 .text.BusFault_Handler
                0x0000000008001026        0x6 ./Core/Src/stm32h7xx_it.o
                0x0000000008001026                BusFault_Handler
 .text.UsageFault_Handler
                0x000000000800102c        0x6 ./Core/Src/stm32h7xx_it.o
                0x000000000800102c                UsageFault_Handler
 .text.SVC_Handler
                0x0000000008001032        0xe ./Core/Src/stm32h7xx_it.o
                0x0000000008001032                SVC_Handler
 .text.DebugMon_Handler
                0x0000000008001040        0xe ./Core/Src/stm32h7xx_it.o
                0x0000000008001040                DebugMon_Handler
 .text.PendSV_Handler
                0x000000000800104e        0xe ./Core/Src/stm32h7xx_it.o
                0x000000000800104e                PendSV_Handler
 .text.SysTick_Handler
                0x000000000800105c        0xc ./Core/Src/stm32h7xx_it.o
                0x000000000800105c                SysTick_Handler
 .text.TIM2_IRQHandler
                0x0000000008001068       0x14 ./Core/Src/stm32h7xx_it.o
                0x0000000008001068                TIM2_IRQHandler
 .text.TIM3_IRQHandler
                0x000000000800107c       0x14 ./Core/Src/stm32h7xx_it.o
                0x000000000800107c                TIM3_IRQHandler
 .text.SystemInit
                0x0000000008001090      0x110 ./Core/Src/system_stm32h7xx.o
                0x0000000008001090                SystemInit
 .text.Reset_Handler
                0x00000000080011a0       0x50 ./Core/Startup/startup_stm32h743zitx.o
                0x00000000080011a0                Reset_Handler
 .text.Default_Handler
                0x00000000080011f0        0x2 ./Core/Startup/startup_stm32h743zitx.o
                0x00000000080011f0                DMA1_Stream3_IRQHandler
                0x00000000080011f0                EXTI2_IRQHandler
                0x00000000080011f0                TIM8_CC_IRQHandler
                0x00000000080011f0                HRTIM1_Master_IRQHandler
                0x00000000080011f0                UART8_IRQHandler
                0x00000000080011f0                SPI4_IRQHandler
                0x00000000080011f0                TIM1_CC_IRQHandler
                0x00000000080011f0                BDMA_Channel6_IRQHandler
                0x00000000080011f0                DMA2_Stream5_IRQHandler
                0x00000000080011f0                HRTIM1_FLT_IRQHandler
                0x00000000080011f0                JPEG_IRQHandler
                0x00000000080011f0                DMA1_Stream5_IRQHandler
                0x00000000080011f0                BDMA_Channel1_IRQHandler
                0x00000000080011f0                HRTIM1_TIMD_IRQHandler
                0x00000000080011f0                TAMP_STAMP_IRQHandler
                0x00000000080011f0                EXTI3_IRQHandler
                0x00000000080011f0                LPTIM4_IRQHandler
                0x00000000080011f0                TIM8_TRG_COM_TIM14_IRQHandler
                0x00000000080011f0                LPTIM2_IRQHandler
                0x00000000080011f0                DFSDM1_FLT1_IRQHandler
                0x00000000080011f0                DMAMUX2_OVR_IRQHandler
                0x00000000080011f0                TIM8_UP_TIM13_IRQHandler
                0x00000000080011f0                I2C3_ER_IRQHandler
                0x00000000080011f0                DFSDM1_FLT2_IRQHandler
                0x00000000080011f0                MDMA_IRQHandler
                0x00000000080011f0                LPTIM3_IRQHandler
                0x00000000080011f0                HSEM1_IRQHandler
                0x00000000080011f0                EXTI0_IRQHandler
                0x00000000080011f0                I2C2_EV_IRQHandler
                0x00000000080011f0                DMA1_Stream2_IRQHandler
                0x00000000080011f0                FPU_IRQHandler
                0x00000000080011f0                OTG_HS_WKUP_IRQHandler
                0x00000000080011f0                FDCAN1_IT1_IRQHandler
                0x00000000080011f0                LTDC_ER_IRQHandler
                0x00000000080011f0                DMA2_Stream2_IRQHandler
                0x00000000080011f0                HRTIM1_TIME_IRQHandler
                0x00000000080011f0                SPI1_IRQHandler
                0x00000000080011f0                TIM6_DAC_IRQHandler
                0x00000000080011f0                DCMI_IRQHandler
                0x00000000080011f0                HRTIM1_TIMC_IRQHandler
                0x00000000080011f0                DMA2_Stream3_IRQHandler
                0x00000000080011f0                SAI2_IRQHandler
                0x00000000080011f0                DFSDM1_FLT3_IRQHandler
                0x00000000080011f0                USART6_IRQHandler
                0x00000000080011f0                TIM17_IRQHandler
                0x00000000080011f0                USART3_IRQHandler
                0x00000000080011f0                BDMA_Channel7_IRQHandler
                0x00000000080011f0                LPTIM5_IRQHandler
                0x00000000080011f0                UART5_IRQHandler
                0x00000000080011f0                ADC3_IRQHandler
                0x00000000080011f0                DMA2_Stream0_IRQHandler
                0x00000000080011f0                TIM4_IRQHandler
                0x00000000080011f0                BDMA_Channel2_IRQHandler
                0x00000000080011f0                QUADSPI_IRQHandler
                0x00000000080011f0                I2C1_EV_IRQHandler
                0x00000000080011f0                DMA1_Stream6_IRQHandler
                0x00000000080011f0                DMAMUX1_OVR_IRQHandler
                0x00000000080011f0                DMA1_Stream1_IRQHandler
                0x00000000080011f0                TIM16_IRQHandler
                0x00000000080011f0                UART4_IRQHandler
                0x00000000080011f0                BDMA_Channel5_IRQHandler
                0x00000000080011f0                RCC_IRQHandler
                0x00000000080011f0                TIM8_BRK_TIM12_IRQHandler
                0x00000000080011f0                TIM1_TRG_COM_IRQHandler
                0x00000000080011f0                Default_Handler
                0x00000000080011f0                ECC_IRQHandler
                0x00000000080011f0                CEC_IRQHandler
                0x00000000080011f0                EXTI15_10_IRQHandler
                0x00000000080011f0                BDMA_Channel0_IRQHandler
                0x00000000080011f0                ADC_IRQHandler
                0x00000000080011f0                DMA1_Stream7_IRQHandler
                0x00000000080011f0                HRTIM1_TIMA_IRQHandler
                0x00000000080011f0                SPI5_IRQHandler
                0x00000000080011f0                TIM7_IRQHandler
                0x00000000080011f0                SDMMC1_IRQHandler
                0x00000000080011f0                TIM5_IRQHandler
                0x00000000080011f0                DMA2_Stream7_IRQHandler
                0x00000000080011f0                TIM15_IRQHandler
                0x00000000080011f0                PVD_AVD_IRQHandler
                0x00000000080011f0                I2C3_EV_IRQHandler
                0x00000000080011f0                EXTI9_5_IRQHandler
                0x00000000080011f0                RTC_WKUP_IRQHandler
                0x00000000080011f0                LTDC_IRQHandler
                0x00000000080011f0                SAI3_IRQHandler
                0x00000000080011f0                ETH_WKUP_IRQHandler
                0x00000000080011f0                SPDIF_RX_IRQHandler
                0x00000000080011f0                SPI2_IRQHandler
                0x00000000080011f0                OTG_HS_EP1_IN_IRQHandler
                0x00000000080011f0                DMA1_Stream0_IRQHandler
                0x00000000080011f0                CRS_IRQHandler
                0x00000000080011f0                EXTI4_IRQHandler
                0x00000000080011f0                RNG_IRQHandler
                0x00000000080011f0                HRTIM1_TIMB_IRQHandler
                0x00000000080011f0                FDCAN2_IT1_IRQHandler
                0x00000000080011f0                ETH_IRQHandler
                0x00000000080011f0                TIM1_UP_IRQHandler
                0x00000000080011f0                BDMA_Channel4_IRQHandler
                0x00000000080011f0                OTG_HS_EP1_OUT_IRQHandler
                0x00000000080011f0                WWDG_IRQHandler
                0x00000000080011f0                SPI6_IRQHandler
                0x00000000080011f0                MDIOS_IRQHandler
                0x00000000080011f0                I2C4_EV_IRQHandler
                0x00000000080011f0                FDCAN2_IT0_IRQHandler
                0x00000000080011f0                LPUART1_IRQHandler
                0x00000000080011f0                FDCAN1_IT0_IRQHandler
                0x00000000080011f0                OTG_FS_WKUP_IRQHandler
                0x00000000080011f0                OTG_HS_IRQHandler
                0x00000000080011f0                DMA2D_IRQHandler
                0x00000000080011f0                TIM1_BRK_IRQHandler
                0x00000000080011f0                EXTI1_IRQHandler
                0x00000000080011f0                SDMMC2_IRQHandler
                0x00000000080011f0                OTG_FS_EP1_OUT_IRQHandler
                0x00000000080011f0                BDMA_Channel3_IRQHandler
                0x00000000080011f0                UART7_IRQHandler
                0x00000000080011f0                MDIOS_WKUP_IRQHandler
                0x00000000080011f0                USART2_IRQHandler
                0x00000000080011f0                DFSDM1_FLT0_IRQHandler
                0x00000000080011f0                SAI4_IRQHandler
                0x00000000080011f0                I2C2_ER_IRQHandler
                0x00000000080011f0                DMA2_Stream1_IRQHandler
                0x00000000080011f0                FLASH_IRQHandler
                0x00000000080011f0                DMA2_Stream4_IRQHandler
                0x00000000080011f0                USART1_IRQHandler
                0x00000000080011f0                OTG_FS_IRQHandler
                0x00000000080011f0                SPI3_IRQHandler
                0x00000000080011f0                WAKEUP_PIN_IRQHandler
                0x00000000080011f0                DMA1_Stream4_IRQHandler
                0x00000000080011f0                OTG_FS_EP1_IN_IRQHandler
                0x00000000080011f0                I2C1_ER_IRQHandler
                0x00000000080011f0                FMC_IRQHandler
                0x00000000080011f0                FDCAN_CAL_IRQHandler
                0x00000000080011f0                SWPMI1_IRQHandler
                0x00000000080011f0                COMP1_IRQHandler
                0x00000000080011f0                LPTIM1_IRQHandler
                0x00000000080011f0                I2C4_ER_IRQHandler
                0x00000000080011f0                DMA2_Stream6_IRQHandler
                0x00000000080011f0                SAI1_IRQHandler
                0x00000000080011f0                RTC_Alarm_IRQHandler
 *fill*         0x00000000080011f2        0x2 
 .text.HAL_Init
                0x00000000080011f4       0x78 ./Drivers/STM32H7xx_HAL_Driver/Src/stm32h7xx_hal.o
                0x00000000080011f4                HAL_Init
 .text.HAL_InitTick
                0x000000000800126c       0x6c ./Drivers/STM32H7xx_HAL_Driver/Src/stm32h7xx_hal.o
                0x000000000800126c                HAL_InitTick
 .text.HAL_IncTick
                0x00000000080012d8       0x28 ./Drivers/STM32H7xx_HAL_Driver/Src/stm32h7xx_hal.o
                0x00000000080012d8                HAL_IncTick
 .text.HAL_GetTick
                0x0000000008001300       0x18 ./Drivers/STM32H7xx_HAL_Driver/Src/stm32h7xx_hal.o
                0x0000000008001300                HAL_GetTick
 .text.HAL_Delay
                0x0000000008001318       0x48 ./Drivers/STM32H7xx_HAL_Driver/Src/stm32h7xx_hal.o
                0x0000000008001318                HAL_Delay
 .text.HAL_GetREVID
                0x0000000008001360       0x18 ./Drivers/STM32H7xx_HAL_Driver/Src/stm32h7xx_hal.o
                0x0000000008001360                HAL_GetREVID
 .text.HAL_SYSCFG_ETHInterfaceSelect
                0x0000000008001378       0x28 ./Drivers/STM32H7xx_HAL_Driver/Src/stm32h7xx_hal.o
                0x0000000008001378                HAL_SYSCFG_ETHInterfaceSelect
 .text.__NVIC_SetPriorityGrouping
                0x00000000080013a0       0x48 ./Drivers/STM32H7xx_HAL_Driver/Src/stm32h7xx_hal_cortex.o
 .text.__NVIC_GetPriorityGrouping
                0x00000000080013e8       0x1c ./Drivers/STM32H7xx_HAL_Driver/Src/stm32h7xx_hal_cortex.o
 .text.__NVIC_EnableIRQ
                0x0000000008001404       0x3c ./Drivers/STM32H7xx_HAL_Driver/Src/stm32h7xx_hal_cortex.o
 .text.__NVIC_SetPriority
                0x0000000008001440       0x54 ./Drivers/STM32H7xx_HAL_Driver/Src/stm32h7xx_hal_cortex.o
 .text.NVIC_EncodePriority
                0x0000000008001494       0x66 ./Drivers/STM32H7xx_HAL_Driver/Src/stm32h7xx_hal_cortex.o
 *fill*         0x00000000080014fa        0x2 
 .text.SysTick_Config
                0x00000000080014fc       0x44 ./Drivers/STM32H7xx_HAL_Driver/Src/stm32h7xx_hal_cortex.o
 .text.HAL_NVIC_SetPriorityGrouping
                0x0000000008001540       0x16 ./Drivers/STM32H7xx_HAL_Driver/Src/stm32h7xx_hal_cortex.o
                0x0000000008001540                HAL_NVIC_SetPriorityGrouping
 .text.HAL_NVIC_SetPriority
                0x0000000008001556       0x34 ./Drivers/STM32H7xx_HAL_Driver/Src/stm32h7xx_hal_cortex.o
                0x0000000008001556                HAL_NVIC_SetPriority
 .text.HAL_NVIC_EnableIRQ
                0x000000000800158a       0x1c ./Drivers/STM32H7xx_HAL_Driver/Src/stm32h7xx_hal_cortex.o
                0x000000000800158a                HAL_NVIC_EnableIRQ
 .text.HAL_SYSTICK_Config
                0x00000000080015a6       0x18 ./Drivers/STM32H7xx_HAL_Driver/Src/stm32h7xx_hal_cortex.o
                0x00000000080015a6                HAL_SYSTICK_Config
 *fill*         0x00000000080015be        0x2 
 .text.HAL_ETH_Init
                0x00000000080015c0      0x1cc ./Drivers/STM32H7xx_HAL_Driver/Src/stm32h7xx_hal_eth.o
                0x00000000080015c0                HAL_ETH_Init
 .text.HAL_ETH_SetMDIOClockRange
                0x000000000800178c       0xb0 ./Drivers/STM32H7xx_HAL_Driver/Src/stm32h7xx_hal_eth.o
                0x000000000800178c                HAL_ETH_SetMDIOClockRange
 .text.ETH_SetMACConfig
                0x000000000800183c      0x238 ./Drivers/STM32H7xx_HAL_Driver/Src/stm32h7xx_hal_eth.o
 .text.ETH_SetDMAConfig
                0x0000000008001a74      0x10c ./Drivers/STM32H7xx_HAL_Driver/Src/stm32h7xx_hal_eth.o
 .text.ETH_MACDMAConfig
                0x0000000008001b80      0x13a ./Drivers/STM32H7xx_HAL_Driver/Src/stm32h7xx_hal_eth.o
 .text.ETH_DMATxDescListInit
                0x0000000008001cba       0x92 ./Drivers/STM32H7xx_HAL_Driver/Src/stm32h7xx_hal_eth.o
 .text.ETH_DMARxDescListInit
                0x0000000008001d4c       0xba ./Drivers/STM32H7xx_HAL_Driver/Src/stm32h7xx_hal_eth.o
 *fill*         0x0000000008001e06        0x2 
 .text.HAL_GPIO_Init
                0x0000000008001e08      0x360 ./Drivers/STM32H7xx_HAL_Driver/Src/stm32h7xx_hal_gpio.o
                0x0000000008001e08                HAL_GPIO_Init
 .text.HAL_GPIO_WritePin
                0x0000000008002168       0x32 ./Drivers/STM32H7xx_HAL_Driver/Src/stm32h7xx_hal_gpio.o
                0x0000000008002168                HAL_GPIO_WritePin
 .text.HAL_GPIO_TogglePin
                0x000000000800219a       0x34 ./Drivers/STM32H7xx_HAL_Driver/Src/stm32h7xx_hal_gpio.o
                0x000000000800219a                HAL_GPIO_TogglePin
 .text.HAL_PCD_Init
                0x00000000080021ce      0x248 ./Drivers/STM32H7xx_HAL_Driver/Src/stm32h7xx_hal_pcd.o
                0x00000000080021ce                HAL_PCD_Init
 *fill*         0x0000000008002416        0x2 
 .text.HAL_PCDEx_ActivateLPM
                0x0000000008002418       0x48 ./Drivers/STM32H7xx_HAL_Driver/Src/stm32h7xx_hal_pcd_ex.o
                0x0000000008002418                HAL_PCDEx_ActivateLPM
 .text.HAL_PWREx_ConfigSupply
                0x0000000008002460       0x74 ./Drivers/STM32H7xx_HAL_Driver/Src/stm32h7xx_hal_pwr_ex.o
                0x0000000008002460                HAL_PWREx_ConfigSupply
 .text.HAL_PWREx_EnableUSBVoltageDetector
                0x00000000080024d4       0x20 ./Drivers/STM32H7xx_HAL_Driver/Src/stm32h7xx_hal_pwr_ex.o
                0x00000000080024d4                HAL_PWREx_EnableUSBVoltageDetector
 .text.HAL_RCC_OscConfig
                0x00000000080024f4      0x8b4 ./Drivers/STM32H7xx_HAL_Driver/Src/stm32h7xx_hal_rcc.o
                0x00000000080024f4                HAL_RCC_OscConfig
 .text.HAL_RCC_ClockConfig
                0x0000000008002da8      0x36c ./Drivers/STM32H7xx_HAL_Driver/Src/stm32h7xx_hal_rcc.o
                0x0000000008002da8                HAL_RCC_ClockConfig
 .text.HAL_RCC_GetSysClockFreq
                0x0000000008003114      0x2f4 ./Drivers/STM32H7xx_HAL_Driver/Src/stm32h7xx_hal_rcc.o
                0x0000000008003114                HAL_RCC_GetSysClockFreq
 .text.HAL_RCC_GetHCLKFreq
                0x0000000008003408       0x60 ./Drivers/STM32H7xx_HAL_Driver/Src/stm32h7xx_hal_rcc.o
                0x0000000008003408                HAL_RCC_GetHCLKFreq
 .text.HAL_RCC_GetPCLK1Freq
                0x0000000008003468       0x2c ./Drivers/STM32H7xx_HAL_Driver/Src/stm32h7xx_hal_rcc.o
                0x0000000008003468                HAL_RCC_GetPCLK1Freq
 .text.HAL_RCC_GetPCLK2Freq
                0x0000000008003494       0x2c ./Drivers/STM32H7xx_HAL_Driver/Src/stm32h7xx_hal_rcc.o
                0x0000000008003494                HAL_RCC_GetPCLK2Freq
 .text.HAL_RCCEx_PeriphCLKConfig
                0x00000000080034c0     0x1414 ./Drivers/STM32H7xx_HAL_Driver/Src/stm32h7xx_hal_rcc_ex.o
                0x00000000080034c0                HAL_RCCEx_PeriphCLKConfig
 .text.HAL_RCCEx_GetD3PCLK1Freq
                0x00000000080048d4       0x2c ./Drivers/STM32H7xx_HAL_Driver/Src/stm32h7xx_hal_rcc_ex.o
                0x00000000080048d4                HAL_RCCEx_GetD3PCLK1Freq
 .text.HAL_RCCEx_GetPLL2ClockFreq
                0x0000000008004900      0x2a8 ./Drivers/STM32H7xx_HAL_Driver/Src/stm32h7xx_hal_rcc_ex.o
                0x0000000008004900                HAL_RCCEx_GetPLL2ClockFreq
 .text.HAL_RCCEx_GetPLL3ClockFreq
                0x0000000008004ba8      0x2a8 ./Drivers/STM32H7xx_HAL_Driver/Src/stm32h7xx_hal_rcc_ex.o
                0x0000000008004ba8                HAL_RCCEx_GetPLL3ClockFreq
 .text.RCCEx_PLL2_Config
                0x0000000008004e50      0x164 ./Drivers/STM32H7xx_HAL_Driver/Src/stm32h7xx_hal_rcc_ex.o
 .text.RCCEx_PLL3_Config
                0x0000000008004fb4      0x164 ./Drivers/STM32H7xx_HAL_Driver/Src/stm32h7xx_hal_rcc_ex.o
 .text.HAL_TIM_Base_Init
                0x0000000008005118       0xae ./Drivers/STM32H7xx_HAL_Driver/Src/stm32h7xx_hal_tim.o
                0x0000000008005118                HAL_TIM_Base_Init
 *fill*         0x00000000080051c6        0x2 
 .text.HAL_TIM_Base_Start_IT
                0x00000000080051c8       0xf0 ./Drivers/STM32H7xx_HAL_Driver/Src/stm32h7xx_hal_tim.o
                0x00000000080051c8                HAL_TIM_Base_Start_IT
 .text.HAL_TIM_IRQHandler
                0x00000000080052b8      0x23e ./Drivers/STM32H7xx_HAL_Driver/Src/stm32h7xx_hal_tim.o
                0x00000000080052b8                HAL_TIM_IRQHandler
 *fill*         0x00000000080054f6        0x2 
 .text.HAL_TIM_ConfigClockSource
                0x00000000080054f8      0x1f0 ./Drivers/STM32H7xx_HAL_Driver/Src/stm32h7xx_hal_tim.o
                0x00000000080054f8                HAL_TIM_ConfigClockSource
 .text.HAL_TIM_OC_DelayElapsedCallback
                0x00000000080056e8       0x14 ./Drivers/STM32H7xx_HAL_Driver/Src/stm32h7xx_hal_tim.o
                0x00000000080056e8                HAL_TIM_OC_DelayElapsedCallback
 .text.HAL_TIM_IC_CaptureCallback
                0x00000000080056fc       0x14 ./Drivers/STM32H7xx_HAL_Driver/Src/stm32h7xx_hal_tim.o
                0x00000000080056fc                HAL_TIM_IC_CaptureCallback
 .text.HAL_TIM_PWM_PulseFinishedCallback
                0x0000000008005710       0x14 ./Drivers/STM32H7xx_HAL_Driver/Src/stm32h7xx_hal_tim.o
                0x0000000008005710                HAL_TIM_PWM_PulseFinishedCallback
 .text.HAL_TIM_TriggerCallback
                0x0000000008005724       0x14 ./Drivers/STM32H7xx_HAL_Driver/Src/stm32h7xx_hal_tim.o
                0x0000000008005724                HAL_TIM_TriggerCallback
 .text.TIM_Base_SetConfig
                0x0000000008005738      0x134 ./Drivers/STM32H7xx_HAL_Driver/Src/stm32h7xx_hal_tim.o
                0x0000000008005738                TIM_Base_SetConfig
 .text.TIM_TI1_ConfigInputStage
                0x000000000800586c       0x5e ./Drivers/STM32H7xx_HAL_Driver/Src/stm32h7xx_hal_tim.o
 .text.TIM_TI2_ConfigInputStage
                0x00000000080058ca       0x60 ./Drivers/STM32H7xx_HAL_Driver/Src/stm32h7xx_hal_tim.o
 *fill*         0x000000000800592a        0x2 
 .text.TIM_ITRx_SetConfig
                0x000000000800592c       0x3c ./Drivers/STM32H7xx_HAL_Driver/Src/stm32h7xx_hal_tim.o
 .text.TIM_ETR_SetConfig
                0x0000000008005968       0x40 ./Drivers/STM32H7xx_HAL_Driver/Src/stm32h7xx_hal_tim.o
                0x0000000008005968                TIM_ETR_SetConfig
 .text.HAL_TIMEx_MasterConfigSynchronization
                0x00000000080059a8      0x11c ./Drivers/STM32H7xx_HAL_Driver/Src/stm32h7xx_hal_tim_ex.o
                0x00000000080059a8                HAL_TIMEx_MasterConfigSynchronization
 .text.HAL_TIMEx_CommutCallback
                0x0000000008005ac4       0x14 ./Drivers/STM32H7xx_HAL_Driver/Src/stm32h7xx_hal_tim_ex.o
                0x0000000008005ac4                HAL_TIMEx_CommutCallback
 .text.HAL_TIMEx_BreakCallback
                0x0000000008005ad8       0x14 ./Drivers/STM32H7xx_HAL_Driver/Src/stm32h7xx_hal_tim_ex.o
                0x0000000008005ad8                HAL_TIMEx_BreakCallback
 .text.HAL_TIMEx_Break2Callback
                0x0000000008005aec       0x14 ./Drivers/STM32H7xx_HAL_Driver/Src/stm32h7xx_hal_tim_ex.o
                0x0000000008005aec                HAL_TIMEx_Break2Callback
 .text.HAL_UART_Init
                0x0000000008005b00       0xa0 ./Drivers/STM32H7xx_HAL_Driver/Src/stm32h7xx_hal_uart.o
                0x0000000008005b00                HAL_UART_Init
 .text.UART_SetConfig
                0x0000000008005ba0      0xad0 ./Drivers/STM32H7xx_HAL_Driver/Src/stm32h7xx_hal_uart.o
                0x0000000008005ba0                UART_SetConfig
 .text.UART_AdvFeatureConfig
                0x0000000008006670      0x144 ./Drivers/STM32H7xx_HAL_Driver/Src/stm32h7xx_hal_uart.o
                0x0000000008006670                UART_AdvFeatureConfig
 .text.UART_CheckIdleState
                0x00000000080067b4      0x154 ./Drivers/STM32H7xx_HAL_Driver/Src/stm32h7xx_hal_uart.o
                0x00000000080067b4                UART_CheckIdleState
 .text.UART_WaitOnFlagUntilTimeout
                0x0000000008006908       0xce ./Drivers/STM32H7xx_HAL_Driver/Src/stm32h7xx_hal_uart.o
                0x0000000008006908                UART_WaitOnFlagUntilTimeout
 *fill*         0x00000000080069d6        0x2 
 .text.UART_EndRxTransfer
                0x00000000080069d8       0xcc ./Drivers/STM32H7xx_HAL_Driver/Src/stm32h7xx_hal_uart.o
 .text.HAL_UARTEx_DisableFifoMode
                0x0000000008006aa4       0x72 ./Drivers/STM32H7xx_HAL_Driver/Src/stm32h7xx_hal_uart_ex.o
                0x0000000008006aa4                HAL_UARTEx_DisableFifoMode
 .text.HAL_UARTEx_SetTxFifoThreshold
                0x0000000008006b16       0x7c ./Drivers/STM32H7xx_HAL_Driver/Src/stm32h7xx_hal_uart_ex.o
                0x0000000008006b16                HAL_UARTEx_SetTxFifoThreshold
 .text.HAL_UARTEx_SetRxFifoThreshold
                0x0000000008006b92       0x7c ./Drivers/STM32H7xx_HAL_Driver/Src/stm32h7xx_hal_uart_ex.o
                0x0000000008006b92                HAL_UARTEx_SetRxFifoThreshold
 *fill*         0x0000000008006c0e        0x2 
 .text.UARTEx_SetNbDataToProcess
                0x0000000008006c10       0x9c ./Drivers/STM32H7xx_HAL_Driver/Src/stm32h7xx_hal_uart_ex.o
 .text.USB_CoreInit
                0x0000000008006cac       0xdc ./Drivers/STM32H7xx_HAL_Driver/Src/stm32h7xx_ll_usb.o
                0x0000000008006cac                USB_CoreInit
 .text.USB_DisableGlobalInt
                0x0000000008006d88       0x22 ./Drivers/STM32H7xx_HAL_Driver/Src/stm32h7xx_ll_usb.o
                0x0000000008006d88                USB_DisableGlobalInt
 .text.USB_SetCurrentMode
                0x0000000008006daa       0x98 ./Drivers/STM32H7xx_HAL_Driver/Src/stm32h7xx_ll_usb.o
                0x0000000008006daa                USB_SetCurrentMode
 *fill*         0x0000000008006e42        0x2 
 .text.USB_DevInit
                0x0000000008006e44      0x2bc ./Drivers/STM32H7xx_HAL_Driver/Src/stm32h7xx_ll_usb.o
                0x0000000008006e44                USB_DevInit
 .text.USB_FlushTxFifo
                0x0000000008007100       0x68 ./Drivers/STM32H7xx_HAL_Driver/Src/stm32h7xx_ll_usb.o
                0x0000000008007100                USB_FlushTxFifo
 .text.USB_FlushRxFifo
                0x0000000008007168       0x60 ./Drivers/STM32H7xx_HAL_Driver/Src/stm32h7xx_ll_usb.o
                0x0000000008007168                USB_FlushRxFifo
 .text.USB_SetDevSpeed
                0x00000000080071c8       0x32 ./Drivers/STM32H7xx_HAL_Driver/Src/stm32h7xx_ll_usb.o
                0x00000000080071c8                USB_SetDevSpeed
 .text.USB_DevDisconnect
                0x00000000080071fa       0x42 ./Drivers/STM32H7xx_HAL_Driver/Src/stm32h7xx_ll_usb.o
                0x00000000080071fa                USB_DevDisconnect
 .text.USB_GetMode
                0x000000000800723c       0x1c ./Drivers/STM32H7xx_HAL_Driver/Src/stm32h7xx_ll_usb.o
                0x000000000800723c                USB_GetMode
 .text.USB_CoreReset
                0x0000000008007258       0x68 ./Drivers/STM32H7xx_HAL_Driver/Src/stm32h7xx_ll_usb.o
 .text.__libc_init_array
                0x00000000080072c0       0x48 /Applications/STM32CubeIDE.app/Contents/Eclipse/plugins/com.st.stm32cube.ide.mcu.externaltools.gnu-tools-for-stm32.10.3-2021.10.macos64_1.0.200.202301161003/tools/bin/../lib/gcc/arm-none-eabi/10.3.1/../../../../arm-none-eabi/lib/thumb/v7e-m+dp/hard/libc_nano.a(lib_a-init.o)
                0x00000000080072c0                __libc_init_array
 .text.memset   0x0000000008007308       0x10 /Applications/STM32CubeIDE.app/Contents/Eclipse/plugins/com.st.stm32cube.ide.mcu.externaltools.gnu-tools-for-stm32.10.3-2021.10.macos64_1.0.200.202301161003/tools/bin/../lib/gcc/arm-none-eabi/10.3.1/../../../../arm-none-eabi/lib/thumb/v7e-m+dp/hard/libc_nano.a(lib_a-memset.o)
                0x0000000008007308                memset
 *(.glue_7)
 .glue_7        0x0000000008007318        0x0 linker stubs
 *(.glue_7t)
 .glue_7t       0x0000000008007318        0x0 linker stubs
 *(.eh_frame)
 .eh_frame      0x0000000008007318        0x0 /Applications/STM32CubeIDE.app/Contents/Eclipse/plugins/com.st.stm32cube.ide.mcu.externaltools.gnu-tools-for-stm32.10.3-2021.10.macos64_1.0.200.202301161003/tools/bin/../lib/gcc/arm-none-eabi/10.3.1/thumb/v7e-m+dp/hard/crtbegin.o
 *(.init)
 .init          0x0000000008007318        0x4 /Applications/STM32CubeIDE.app/Contents/Eclipse/plugins/com.st.stm32cube.ide.mcu.externaltools.gnu-tools-for-stm32.10.3-2021.10.macos64_1.0.200.202301161003/tools/bin/../lib/gcc/arm-none-eabi/10.3.1/thumb/v7e-m+dp/hard/crti.o
                0x0000000008007318                _init
 .init          0x000000000800731c        0x8 /Applications/STM32CubeIDE.app/Contents/Eclipse/plugins/com.st.stm32cube.ide.mcu.externaltools.gnu-tools-for-stm32.10.3-2021.10.macos64_1.0.200.202301161003/tools/bin/../lib/gcc/arm-none-eabi/10.3.1/thumb/v7e-m+dp/hard/crtn.o
 *(.fini)
 .fini          0x0000000008007324        0x4 /Applications/STM32CubeIDE.app/Contents/Eclipse/plugins/com.st.stm32cube.ide.mcu.externaltools.gnu-tools-for-stm32.10.3-2021.10.macos64_1.0.200.202301161003/tools/bin/../lib/gcc/arm-none-eabi/10.3.1/thumb/v7e-m+dp/hard/crti.o
                0x0000000008007324                _fini
 .fini          0x0000000008007328        0x8 /Applications/STM32CubeIDE.app/Contents/Eclipse/plugins/com.st.stm32cube.ide.mcu.externaltools.gnu-tools-for-stm32.10.3-2021.10.macos64_1.0.200.202301161003/tools/bin/../lib/gcc/arm-none-eabi/10.3.1/thumb/v7e-m+dp/hard/crtn.o
                0x0000000008007330                . = ALIGN (0x4)
                0x0000000008007330                _etext = .

.vfp11_veneer   0x0000000008007330        0x0
 .vfp11_veneer  0x0000000008007330        0x0 linker stubs

.v4_bx          0x0000000008007330        0x0
 .v4_bx         0x0000000008007330        0x0 linker stubs

.iplt           0x0000000008007330        0x0
 .iplt          0x0000000008007330        0x0 /Applications/STM32CubeIDE.app/Contents/Eclipse/plugins/com.st.stm32cube.ide.mcu.externaltools.gnu-tools-for-stm32.10.3-2021.10.macos64_1.0.200.202301161003/tools/bin/../lib/gcc/arm-none-eabi/10.3.1/thumb/v7e-m+dp/hard/crtbegin.o

.rodata         0x0000000008007330       0x38
                0x0000000008007330                . = ALIGN (0x4)
 *(.rodata)
 *(.rodata*)
 .rodata.D1CorePrescTable
                0x0000000008007330       0x10 ./Core/Src/system_stm32h7xx.o
                0x0000000008007330                D1CorePrescTable
 .rodata.UARTPrescTable
                0x0000000008007340       0x18 ./Drivers/STM32H7xx_HAL_Driver/Src/stm32h7xx_hal_uart.o
                0x0000000008007340                UARTPrescTable
 .rodata.numerator.1
                0x0000000008007358        0x8 ./Drivers/STM32H7xx_HAL_Driver/Src/stm32h7xx_hal_uart_ex.o
 .rodata.denominator.0
                0x0000000008007360        0x8 ./Drivers/STM32H7xx_HAL_Driver/Src/stm32h7xx_hal_uart_ex.o
                0x0000000008007368                . = ALIGN (0x4)

.ARM.extab
 *(.ARM.extab* .gnu.linkonce.armextab.*)

.ARM            0x0000000008007368        0x8
                0x0000000008007368                __exidx_start = .
 *(.ARM.exidx*)
 .ARM.exidx     0x0000000008007368        0x8 /Applications/STM32CubeIDE.app/Contents/Eclipse/plugins/com.st.stm32cube.ide.mcu.externaltools.gnu-tools-for-stm32.10.3-2021.10.macos64_1.0.200.202301161003/tools/bin/../lib/gcc/arm-none-eabi/10.3.1/thumb/v7e-m+dp/hard/libgcc.a(_udivmoddi4.o)
                0x0000000008007370                __exidx_end = .

.rel.dyn        0x0000000008007370        0x0
 .rel.iplt      0x0000000008007370        0x0 /Applications/STM32CubeIDE.app/Contents/Eclipse/plugins/com.st.stm32cube.ide.mcu.externaltools.gnu-tools-for-stm32.10.3-2021.10.macos64_1.0.200.202301161003/tools/bin/../lib/gcc/arm-none-eabi/10.3.1/thumb/v7e-m+dp/hard/crtbegin.o

.preinit_array  0x0000000008007370        0x0
                0x0000000008007370                PROVIDE (__preinit_array_start = .)
 *(.preinit_array*)
                0x0000000008007370                PROVIDE (__preinit_array_end = .)

.init_array     0x0000000008007370        0x4
                0x0000000008007370                PROVIDE (__init_array_start = .)
 *(SORT_BY_NAME(.init_array.*))
 *(.init_array*)
 .init_array    0x0000000008007370        0x4 /Applications/STM32CubeIDE.app/Contents/Eclipse/plugins/com.st.stm32cube.ide.mcu.externaltools.gnu-tools-for-stm32.10.3-2021.10.macos64_1.0.200.202301161003/tools/bin/../lib/gcc/arm-none-eabi/10.3.1/thumb/v7e-m+dp/hard/crtbegin.o
                0x0000000008007374                PROVIDE (__init_array_end = .)

.fini_array     0x0000000008007374        0x4
                [!provide]                        PROVIDE (__fini_array_start = .)
 *(SORT_BY_NAME(.fini_array.*))
 *(.fini_array*)
 .fini_array    0x0000000008007374        0x4 /Applications/STM32CubeIDE.app/Contents/Eclipse/plugins/com.st.stm32cube.ide.mcu.externaltools.gnu-tools-for-stm32.10.3-2021.10.macos64_1.0.200.202301161003/tools/bin/../lib/gcc/arm-none-eabi/10.3.1/thumb/v7e-m+dp/hard/crtbegin.o
                [!provide]                        PROVIDE (__fini_array_end = .)
                0x0000000008007378                _sidata = LOADADDR (.data)

.data           0x0000000024000000       0x10 load address 0x0000000008007378
                0x0000000024000000                . = ALIGN (0x4)
                0x0000000024000000                _sdata = .
 *(.data)
 *(.data*)
 .data.SystemCoreClock
                0x0000000024000000        0x4 ./Core/Src/system_stm32h7xx.o
                0x0000000024000000                SystemCoreClock
 .data.SystemD2Clock
                0x0000000024000004        0x4 ./Core/Src/system_stm32h7xx.o
                0x0000000024000004                SystemD2Clock
 .data.uwTickPrio
                0x0000000024000008        0x4 ./Drivers/STM32H7xx_HAL_Driver/Src/stm32h7xx_hal.o
                0x0000000024000008                uwTickPrio
 .data.uwTickFreq
                0x000000002400000c        0x1 ./Drivers/STM32H7xx_HAL_Driver/Src/stm32h7xx_hal.o
                0x000000002400000c                uwTickFreq
 *(.RamFunc)
 *(.RamFunc*)
                0x0000000024000010                . = ALIGN (0x4)
 *fill*         0x000000002400000d        0x3 
                0x0000000024000010                _edata = .

.igot.plt       0x0000000024000010        0x0 load address 0x0000000008007388
 .igot.plt      0x0000000024000010        0x0 /Applications/STM32CubeIDE.app/Contents/Eclipse/plugins/com.st.stm32cube.ide.mcu.externaltools.gnu-tools-for-stm32.10.3-2021.10.macos64_1.0.200.202301161003/tools/bin/../lib/gcc/arm-none-eabi/10.3.1/thumb/v7e-m+dp/hard/crtbegin.o

.RxDecripSection
                0x0000000024000010       0x60 load address 0x0000000008007388
 .RxDecripSection
                0x0000000024000010       0x60 ./Core/Src/main.o
                0x0000000024000010                DMARxDscrTab

.TxDecripSection
                0x0000000024000070       0x60 load address 0x00000000080073e8
 .TxDecripSection
                0x0000000024000070       0x60 ./Core/Src/main.o
                0x0000000024000070                DMATxDscrTab
                0x00000000240000d0                . = ALIGN (0x4)

.bss            0x00000000240000d0      0x748 load address 0x0000000008007448
                0x00000000240000d0                _sbss = .
                0x00000000240000d0                __bss_start__ = _sbss
 *(.bss)
 .bss           0x00000000240000d0       0x1c /Applications/STM32CubeIDE.app/Contents/Eclipse/plugins/com.st.stm32cube.ide.mcu.externaltools.gnu-tools-for-stm32.10.3-2021.10.macos64_1.0.200.202301161003/tools/bin/../lib/gcc/arm-none-eabi/10.3.1/thumb/v7e-m+dp/hard/crtbegin.o
 *(.bss*)
 .bss.TxConfig  0x00000000240000ec       0x38 ./Core/Src/main.o
                0x00000000240000ec                TxConfig
 .bss.heth      0x0000000024000124       0xb0 ./Core/Src/main.o
                0x0000000024000124                heth
 .bss.htim2     0x00000000240001d4       0x4c ./Core/Src/main.o
                0x00000000240001d4                htim2
 .bss.htim3     0x0000000024000220       0x4c ./Core/Src/main.o
                0x0000000024000220                htim3
 .bss.huart3    0x000000002400026c       0x94 ./Core/Src/main.o
                0x000000002400026c                huart3
 .bss.hpcd_USB_OTG_FS
                0x0000000024000300      0x50c ./Core/Src/main.o
                0x0000000024000300                hpcd_USB_OTG_FS
 .bss.MACAddr.0
                0x000000002400080c        0x6 ./Core/Src/main.o
 *fill*         0x0000000024000812        0x2 
 .bss.uwTick    0x0000000024000814        0x4 ./Drivers/STM32H7xx_HAL_Driver/Src/stm32h7xx_hal.o
                0x0000000024000814                uwTick
 *(COMMON)
                0x0000000024000818                . = ALIGN (0x4)
                0x0000000024000818                _ebss = .
                0x0000000024000818                __bss_end__ = _ebss

._user_heap_stack
                0x0000000024000818      0x600 load address 0x0000000008007448
                0x0000000024000818                . = ALIGN (0x8)
                [!provide]                        PROVIDE (end = .)
                0x0000000024000818                PROVIDE (_end = .)
                0x0000000024000a18                . = (. + _Min_Heap_Size)
 *fill*         0x0000000024000818      0x200 
                0x0000000024000e18                . = (. + _Min_Stack_Size)
 *fill*         0x0000000024000a18      0x400 
                0x0000000024000e18                . = ALIGN (0x8)

/DISCARD/
 libc.a(*)
 libm.a(*)
 libgcc.a(*)

.ARM.attributes
                0x0000000000000000       0x2e
 *(.ARM.attributes)
 .ARM.attributes
                0x0000000000000000       0x1e /Applications/STM32CubeIDE.app/Contents/Eclipse/plugins/com.st.stm32cube.ide.mcu.externaltools.gnu-tools-for-stm32.10.3-2021.10.macos64_1.0.200.202301161003/tools/bin/../lib/gcc/arm-none-eabi/10.3.1/thumb/v7e-m+dp/hard/crti.o
 .ARM.attributes
                0x000000000000001e       0x32 /Applications/STM32CubeIDE.app/Contents/Eclipse/plugins/com.st.stm32cube.ide.mcu.externaltools.gnu-tools-for-stm32.10.3-2021.10.macos64_1.0.200.202301161003/tools/bin/../lib/gcc/arm-none-eabi/10.3.1/thumb/v7e-m+dp/hard/crtbegin.o
 .ARM.attributes
                0x0000000000000050       0x32 ./Core/Src/main.o
 .ARM.attributes
                0x0000000000000082       0x32 ./Core/Src/stm32h7xx_hal_msp.o
 .ARM.attributes
                0x00000000000000b4       0x32 ./Core/Src/stm32h7xx_it.o
 .ARM.attributes
                0x00000000000000e6       0x32 ./Core/Src/system_stm32h7xx.o
 .ARM.attributes
                0x0000000000000118       0x21 ./Core/Startup/startup_stm32h743zitx.o
 .ARM.attributes
                0x0000000000000139       0x32 ./Drivers/STM32H7xx_HAL_Driver/Src/stm32h7xx_hal.o
 .ARM.attributes
                0x000000000000016b       0x32 ./Drivers/STM32H7xx_HAL_Driver/Src/stm32h7xx_hal_cortex.o
 .ARM.attributes
                0x000000000000019d       0x32 ./Drivers/STM32H7xx_HAL_Driver/Src/stm32h7xx_hal_eth.o
 .ARM.attributes
                0x00000000000001cf       0x32 ./Drivers/STM32H7xx_HAL_Driver/Src/stm32h7xx_hal_gpio.o
 .ARM.attributes
                0x0000000000000201       0x32 ./Drivers/STM32H7xx_HAL_Driver/Src/stm32h7xx_hal_pcd.o
 .ARM.attributes
                0x0000000000000233       0x32 ./Drivers/STM32H7xx_HAL_Driver/Src/stm32h7xx_hal_pcd_ex.o
 .ARM.attributes
                0x0000000000000265       0x32 ./Drivers/STM32H7xx_HAL_Driver/Src/stm32h7xx_hal_pwr_ex.o
 .ARM.attributes
                0x0000000000000297       0x32 ./Drivers/STM32H7xx_HAL_Driver/Src/stm32h7xx_hal_rcc.o
 .ARM.attributes
                0x00000000000002c9       0x32 ./Drivers/STM32H7xx_HAL_Driver/Src/stm32h7xx_hal_rcc_ex.o
 .ARM.attributes
                0x00000000000002fb       0x32 ./Drivers/STM32H7xx_HAL_Driver/Src/stm32h7xx_hal_tim.o
 .ARM.attributes
                0x000000000000032d       0x32 ./Drivers/STM32H7xx_HAL_Driver/Src/stm32h7xx_hal_tim_ex.o
 .ARM.attributes
                0x000000000000035f       0x32 ./Drivers/STM32H7xx_HAL_Driver/Src/stm32h7xx_hal_uart.o
 .ARM.attributes
                0x0000000000000391       0x32 ./Drivers/STM32H7xx_HAL_Driver/Src/stm32h7xx_hal_uart_ex.o
 .ARM.attributes
                0x00000000000003c3       0x32 ./Drivers/STM32H7xx_HAL_Driver/Src/stm32h7xx_ll_usb.o
 .ARM.attributes
                0x00000000000003f5       0x32 /Applications/STM32CubeIDE.app/Contents/Eclipse/plugins/com.st.stm32cube.ide.mcu.externaltools.gnu-tools-for-stm32.10.3-2021.10.macos64_1.0.200.202301161003/tools/bin/../lib/gcc/arm-none-eabi/10.3.1/../../../../arm-none-eabi/lib/thumb/v7e-m+dp/hard/libc_nano.a(lib_a-init.o)
 .ARM.attributes
                0x0000000000000427       0x32 /Applications/STM32CubeIDE.app/Contents/Eclipse/plugins/com.st.stm32cube.ide.mcu.externaltools.gnu-tools-for-stm32.10.3-2021.10.macos64_1.0.200.202301161003/tools/bin/../lib/gcc/arm-none-eabi/10.3.1/../../../../arm-none-eabi/lib/thumb/v7e-m+dp/hard/libc_nano.a(lib_a-memset.o)
 .ARM.attributes
                0x0000000000000459       0x1e /Applications/STM32CubeIDE.app/Contents/Eclipse/plugins/com.st.stm32cube.ide.mcu.externaltools.gnu-tools-for-stm32.10.3-2021.10.macos64_1.0.200.202301161003/tools/bin/../lib/gcc/arm-none-eabi/10.3.1/thumb/v7e-m+dp/hard/libgcc.a(_aeabi_uldivmod.o)
 .ARM.attributes
                0x0000000000000477       0x32 /Applications/STM32CubeIDE.app/Contents/Eclipse/plugins/com.st.stm32cube.ide.mcu.externaltools.gnu-tools-for-stm32.10.3-2021.10.macos64_1.0.200.202301161003/tools/bin/../lib/gcc/arm-none-eabi/10.3.1/thumb/v7e-m+dp/hard/libgcc.a(_udivmoddi4.o)
 .ARM.attributes
                0x00000000000004a9       0x1e /Applications/STM32CubeIDE.app/Contents/Eclipse/plugins/com.st.stm32cube.ide.mcu.externaltools.gnu-tools-for-stm32.10.3-2021.10.macos64_1.0.200.202301161003/tools/bin/../lib/gcc/arm-none-eabi/10.3.1/thumb/v7e-m+dp/hard/libgcc.a(_dvmd_tls.o)
 .ARM.attributes
                0x00000000000004c7       0x1e /Applications/STM32CubeIDE.app/Contents/Eclipse/plugins/com.st.stm32cube.ide.mcu.externaltools.gnu-tools-for-stm32.10.3-2021.10.macos64_1.0.200.202301161003/tools/bin/../lib/gcc/arm-none-eabi/10.3.1/thumb/v7e-m+dp/hard/crtn.o
OUTPUT(STM32-blink.elf elf32-littlearm)
LOAD linker stubs
LOAD /Applications/STM32CubeIDE.app/Contents/Eclipse/plugins/com.st.stm32cube.ide.mcu.externaltools.gnu-tools-for-stm32.10.3-2021.10.macos64_1.0.200.202301161003/tools/bin/../lib/gcc/arm-none-eabi/10.3.1/../../../../arm-none-eabi/lib/thumb/v7e-m+dp/hard/libc.a
LOAD /Applications/STM32CubeIDE.app/Contents/Eclipse/plugins/com.st.stm32cube.ide.mcu.externaltools.gnu-tools-for-stm32.10.3-2021.10.macos64_1.0.200.202301161003/tools/bin/../lib/gcc/arm-none-eabi/10.3.1/../../../../arm-none-eabi/lib/thumb/v7e-m+dp/hard/libm.a
LOAD /Applications/STM32CubeIDE.app/Contents/Eclipse/plugins/com.st.stm32cube.ide.mcu.externaltools.gnu-tools-for-stm32.10.3-2021.10.macos64_1.0.200.202301161003/tools/bin/../lib/gcc/arm-none-eabi/10.3.1/thumb/v7e-m+dp/hard/libgcc.a

.debug_info     0x0000000000000000    0x1e63e
 .debug_info    0x0000000000000000     0x2f6c ./Core/Src/main.o
 .debug_info    0x0000000000002f6c     0x2e51 ./Core/Src/stm32h7xx_hal_msp.o
 .debug_info    0x0000000000005dbd      0x883 ./Core/Src/stm32h7xx_it.o
 .debug_info    0x0000000000006640      0xd07 ./Core/Src/system_stm32h7xx.o
 .debug_info    0x0000000000007347       0x22 ./Core/Startup/startup_stm32h743zitx.o
 .debug_info    0x0000000000007369     0x15d7 ./Drivers/STM32H7xx_HAL_Driver/Src/stm32h7xx_hal.o
 .debug_info    0x0000000000008940     0x116d ./Drivers/STM32H7xx_HAL_Driver/Src/stm32h7xx_hal_cortex.o
 .debug_info    0x0000000000009aad     0x2b55 ./Drivers/STM32H7xx_HAL_Driver/Src/stm32h7xx_hal_eth.o
 .debug_info    0x000000000000c602      0xd28 ./Drivers/STM32H7xx_HAL_Driver/Src/stm32h7xx_hal_gpio.o
 .debug_info    0x000000000000d32a     0x169e ./Drivers/STM32H7xx_HAL_Driver/Src/stm32h7xx_hal_pcd.o
 .debug_info    0x000000000000e9c8      0x913 ./Drivers/STM32H7xx_HAL_Driver/Src/stm32h7xx_hal_pcd_ex.o
 .debug_info    0x000000000000f2db     0x109d ./Drivers/STM32H7xx_HAL_Driver/Src/stm32h7xx_hal_pwr_ex.o
 .debug_info    0x0000000000010378      0xf4a ./Drivers/STM32H7xx_HAL_Driver/Src/stm32h7xx_hal_rcc.o
 .debug_info    0x00000000000112c2     0x12d9 ./Drivers/STM32H7xx_HAL_Driver/Src/stm32h7xx_hal_rcc_ex.o
 .debug_info    0x000000000001259b     0x2e05 ./Drivers/STM32H7xx_HAL_Driver/Src/stm32h7xx_hal_tim.o
 .debug_info    0x00000000000153a0     0x1928 ./Drivers/STM32H7xx_HAL_Driver/Src/stm32h7xx_hal_tim_ex.o
 .debug_info    0x0000000000016cc8     0x4dca ./Drivers/STM32H7xx_HAL_Driver/Src/stm32h7xx_hal_uart.o
 .debug_info    0x000000000001ba92     0x105a ./Drivers/STM32H7xx_HAL_Driver/Src/stm32h7xx_hal_uart_ex.o
 .debug_info    0x000000000001caec     0x1b52 ./Drivers/STM32H7xx_HAL_Driver/Src/stm32h7xx_ll_usb.o

.debug_abbrev   0x0000000000000000     0x2ce9
 .debug_abbrev  0x0000000000000000      0x323 ./Core/Src/main.o
 .debug_abbrev  0x0000000000000323      0x287 ./Core/Src/stm32h7xx_hal_msp.o
 .debug_abbrev  0x00000000000005aa      0x184 ./Core/Src/stm32h7xx_it.o
 .debug_abbrev  0x000000000000072e      0x147 ./Core/Src/system_stm32h7xx.o
 .debug_abbrev  0x0000000000000875       0x12 ./Core/Startup/startup_stm32h743zitx.o
 .debug_abbrev  0x0000000000000887      0x289 ./Drivers/STM32H7xx_HAL_Driver/Src/stm32h7xx_hal.o
 .debug_abbrev  0x0000000000000b10      0x329 ./Drivers/STM32H7xx_HAL_Driver/Src/stm32h7xx_hal_cortex.o
 .debug_abbrev  0x0000000000000e39      0x2bd ./Drivers/STM32H7xx_HAL_Driver/Src/stm32h7xx_hal_eth.o
 .debug_abbrev  0x00000000000010f6      0x1ec ./Drivers/STM32H7xx_HAL_Driver/Src/stm32h7xx_hal_gpio.o
 .debug_abbrev  0x00000000000012e2      0x2d2 ./Drivers/STM32H7xx_HAL_Driver/Src/stm32h7xx_hal_pcd.o
 .debug_abbrev  0x00000000000015b4      0x24a ./Drivers/STM32H7xx_HAL_Driver/Src/stm32h7xx_hal_pcd_ex.o
 .debug_abbrev  0x00000000000017fe      0x28f ./Drivers/STM32H7xx_HAL_Driver/Src/stm32h7xx_hal_pwr_ex.o
 .debug_abbrev  0x0000000000001a8d      0x2b8 ./Drivers/STM32H7xx_HAL_Driver/Src/stm32h7xx_hal_rcc.o
 .debug_abbrev  0x0000000000001d45      0x25c ./Drivers/STM32H7xx_HAL_Driver/Src/stm32h7xx_hal_rcc_ex.o
 .debug_abbrev  0x0000000000001fa1      0x264 ./Drivers/STM32H7xx_HAL_Driver/Src/stm32h7xx_hal_tim.o
 .debug_abbrev  0x0000000000002205      0x26c ./Drivers/STM32H7xx_HAL_Driver/Src/stm32h7xx_hal_tim_ex.o
 .debug_abbrev  0x0000000000002471      0x325 ./Drivers/STM32H7xx_HAL_Driver/Src/stm32h7xx_hal_uart.o
 .debug_abbrev  0x0000000000002796      0x2bd ./Drivers/STM32H7xx_HAL_Driver/Src/stm32h7xx_hal_uart_ex.o
 .debug_abbrev  0x0000000000002a53      0x296 ./Drivers/STM32H7xx_HAL_Driver/Src/stm32h7xx_ll_usb.o

.debug_aranges  0x0000000000000000     0x14e0
 .debug_aranges
                0x0000000000000000       0x68 ./Core/Src/main.o
 .debug_aranges
                0x0000000000000068       0x60 ./Core/Src/stm32h7xx_hal_msp.o
 .debug_aranges
                0x00000000000000c8       0x70 ./Core/Src/stm32h7xx_it.o
 .debug_aranges
                0x0000000000000138       0x28 ./Core/Src/system_stm32h7xx.o
 .debug_aranges
                0x0000000000000160       0x28 ./Core/Startup/startup_stm32h743zitx.o
 .debug_aranges
                0x0000000000000188      0x198 ./Drivers/STM32H7xx_HAL_Driver/Src/stm32h7xx_hal.o
 .debug_aranges
                0x0000000000000320      0x120 ./Drivers/STM32H7xx_HAL_Driver/Src/stm32h7xx_hal_cortex.o
 .debug_aranges
                0x0000000000000440      0x1d8 ./Drivers/STM32H7xx_HAL_Driver/Src/stm32h7xx_hal_eth.o
 .debug_aranges
                0x0000000000000618       0x58 ./Drivers/STM32H7xx_HAL_Driver/Src/stm32h7xx_hal_gpio.o
 .debug_aranges
                0x0000000000000670      0x140 ./Drivers/STM32H7xx_HAL_Driver/Src/stm32h7xx_hal_pcd.o
 .debug_aranges
                0x00000000000007b0       0x60 ./Drivers/STM32H7xx_HAL_Driver/Src/stm32h7xx_hal_pcd_ex.o
 .debug_aranges
                0x0000000000000810      0x158 ./Drivers/STM32H7xx_HAL_Driver/Src/stm32h7xx_hal_pwr_ex.o
 .debug_aranges
                0x0000000000000968       0x88 ./Drivers/STM32H7xx_HAL_Driver/Src/stm32h7xx_hal_rcc.o
 .debug_aranges
                0x00000000000009f0       0xf8 ./Drivers/STM32H7xx_HAL_Driver/Src/stm32h7xx_hal_rcc_ex.o
 .debug_aranges
                0x0000000000000ae8      0x3e0 ./Drivers/STM32H7xx_HAL_Driver/Src/stm32h7xx_hal_tim.o
 .debug_aranges
                0x0000000000000ec8      0x188 ./Drivers/STM32H7xx_HAL_Driver/Src/stm32h7xx_hal_tim_ex.o
 .debug_aranges
                0x0000000000001050      0x248 ./Drivers/STM32H7xx_HAL_Driver/Src/stm32h7xx_hal_uart.o
 .debug_aranges
                0x0000000000001298       0xa8 ./Drivers/STM32H7xx_HAL_Driver/Src/stm32h7xx_hal_uart_ex.o
 .debug_aranges
                0x0000000000001340      0x1a0 ./Drivers/STM32H7xx_HAL_Driver/Src/stm32h7xx_ll_usb.o

.debug_ranges   0x0000000000000000     0x13e8
 .debug_ranges  0x0000000000000000       0x58 ./Core/Src/main.o
 .debug_ranges  0x0000000000000058       0x50 ./Core/Src/stm32h7xx_hal_msp.o
 .debug_ranges  0x00000000000000a8       0x60 ./Core/Src/stm32h7xx_it.o
 .debug_ranges  0x0000000000000108       0x18 ./Core/Src/system_stm32h7xx.o
 .debug_ranges  0x0000000000000120       0x20 ./Core/Startup/startup_stm32h743zitx.o
 .debug_ranges  0x0000000000000140      0x188 ./Drivers/STM32H7xx_HAL_Driver/Src/stm32h7xx_hal.o
 .debug_ranges  0x00000000000002c8      0x110 ./Drivers/STM32H7xx_HAL_Driver/Src/stm32h7xx_hal_cortex.o
 .debug_ranges  0x00000000000003d8      0x1c8 ./Drivers/STM32H7xx_HAL_Driver/Src/stm32h7xx_hal_eth.o
 .debug_ranges  0x00000000000005a0       0x48 ./Drivers/STM32H7xx_HAL_Driver/Src/stm32h7xx_hal_gpio.o
 .debug_ranges  0x00000000000005e8      0x130 ./Drivers/STM32H7xx_HAL_Driver/Src/stm32h7xx_hal_pcd.o
 .debug_ranges  0x0000000000000718       0x50 ./Drivers/STM32H7xx_HAL_Driver/Src/stm32h7xx_hal_pcd_ex.o
 .debug_ranges  0x0000000000000768      0x148 ./Drivers/STM32H7xx_HAL_Driver/Src/stm32h7xx_hal_pwr_ex.o
 .debug_ranges  0x00000000000008b0       0x78 ./Drivers/STM32H7xx_HAL_Driver/Src/stm32h7xx_hal_rcc.o
 .debug_ranges  0x0000000000000928       0xe8 ./Drivers/STM32H7xx_HAL_Driver/Src/stm32h7xx_hal_rcc_ex.o
 .debug_ranges  0x0000000000000a10      0x3d0 ./Drivers/STM32H7xx_HAL_Driver/Src/stm32h7xx_hal_tim.o
 .debug_ranges  0x0000000000000de0      0x178 ./Drivers/STM32H7xx_HAL_Driver/Src/stm32h7xx_hal_tim_ex.o
 .debug_ranges  0x0000000000000f58      0x268 ./Drivers/STM32H7xx_HAL_Driver/Src/stm32h7xx_hal_uart.o
 .debug_ranges  0x00000000000011c0       0x98 ./Drivers/STM32H7xx_HAL_Driver/Src/stm32h7xx_hal_uart_ex.o
 .debug_ranges  0x0000000000001258      0x190 ./Drivers/STM32H7xx_HAL_Driver/Src/stm32h7xx_ll_usb.o

.debug_macro    0x0000000000000000    0x38541
 .debug_macro   0x0000000000000000      0x31e ./Core/Src/main.o
 .debug_macro   0x000000000000031e      0xa90 ./Core/Src/main.o
 .debug_macro   0x0000000000000dae      0x244 ./Core/Src/main.o
 .debug_macro   0x0000000000000ff2       0x2e ./Core/Src/main.o
 .debug_macro   0x0000000000001020       0x3b ./Core/Src/main.o
 .debug_macro   0x000000000000105b       0x22 ./Core/Src/main.o
 .debug_macro   0x000000000000107d       0x8e ./Core/Src/main.o
 .debug_macro   0x000000000000110b       0x51 ./Core/Src/main.o
 .debug_macro   0x000000000000115c      0x103 ./Core/Src/main.o
 .debug_macro   0x000000000000125f       0x6a ./Core/Src/main.o
 .debug_macro   0x00000000000012c9      0x1df ./Core/Src/main.o
 .debug_macro   0x00000000000014a8       0x1c ./Core/Src/main.o
 .debug_macro   0x00000000000014c4       0x22 ./Core/Src/main.o
 .debug_macro   0x00000000000014e6       0xfb ./Core/Src/main.o
 .debug_macro   0x00000000000015e1     0x1305 ./Core/Src/main.o
 .debug_macro   0x00000000000028e6      0x11f ./Core/Src/main.o
 .debug_macro   0x0000000000002a05       0x27 ./Core/Src/main.o
 .debug_macro   0x0000000000002a2c    0x25882 ./Core/Src/main.o
 .debug_macro   0x00000000000282ae       0x6d ./Core/Src/main.o
 .debug_macro   0x000000000002831b     0x3d5d ./Core/Src/main.o
 .debug_macro   0x000000000002c078      0x174 ./Core/Src/main.o
 .debug_macro   0x000000000002c1ec       0x52 ./Core/Src/main.o
 .debug_macro   0x000000000002c23e       0x1d ./Core/Src/main.o
 .debug_macro   0x000000000002c25b       0x3c ./Core/Src/main.o
 .debug_macro   0x000000000002c297       0x34 ./Core/Src/main.o
 .debug_macro   0x000000000002c2cb       0x16 ./Core/Src/main.o
 .debug_macro   0x000000000002c2e1       0x43 ./Core/Src/main.o
 .debug_macro   0x000000000002c324       0x34 ./Core/Src/main.o
 .debug_macro   0x000000000002c358       0x10 ./Core/Src/main.o
 .debug_macro   0x000000000002c368       0x58 ./Core/Src/main.o
 .debug_macro   0x000000000002c3c0       0x71 ./Core/Src/main.o
 .debug_macro   0x000000000002c431       0x1c ./Core/Src/main.o
 .debug_macro   0x000000000002c44d      0x12a ./Core/Src/main.o
 .debug_macro   0x000000000002c577      0x341 ./Core/Src/main.o
 .debug_macro   0x000000000002c8b8      0x19b ./Core/Src/main.o
 .debug_macro   0x000000000002ca53       0x5d ./Core/Src/main.o
 .debug_macro   0x000000000002cab0     0x2382 ./Core/Src/main.o
 .debug_macro   0x000000000002ee32     0x102c ./Core/Src/main.o
 .debug_macro   0x000000000002fe5e      0x154 ./Core/Src/main.o
 .debug_macro   0x000000000002ffb2      0x114 ./Core/Src/main.o
 .debug_macro   0x00000000000300c6      0x3b2 ./Core/Src/main.o
 .debug_macro   0x0000000000030478       0xac ./Core/Src/main.o
 .debug_macro   0x0000000000030524      0x72d ./Core/Src/main.o
 .debug_macro   0x0000000000030c51      0x228 ./Core/Src/main.o
 .debug_macro   0x0000000000030e79       0x66 ./Core/Src/main.o
 .debug_macro   0x0000000000030edf      0x3bb ./Core/Src/main.o
 .debug_macro   0x000000000003129a      0xa80 ./Core/Src/main.o
 .debug_macro   0x0000000000031d1a      0x129 ./Core/Src/main.o
 .debug_macro   0x0000000000031e43      0x3e4 ./Core/Src/main.o
 .debug_macro   0x0000000000032227      0x275 ./Core/Src/main.o
 .debug_macro   0x000000000003249c      0x3ca ./Core/Src/main.o
 .debug_macro   0x0000000000032866      0x408 ./Core/Src/main.o
 .debug_macro   0x0000000000032c6e       0x51 ./Core/Src/main.o
 .debug_macro   0x0000000000032cbf       0x4a ./Core/Src/main.o
 .debug_macro   0x0000000000032d09      0x22c ./Core/Src/main.o
 .debug_macro   0x0000000000032f35       0x67 ./Core/Src/main.o
 .debug_macro   0x0000000000032f9c       0xa5 ./Core/Src/main.o
 .debug_macro   0x0000000000033041      0x1c4 ./Core/Src/main.o
 .debug_macro   0x0000000000033205      0x25e ./Core/Src/main.o
 .debug_macro   0x0000000000033463       0x35 ./Core/Src/main.o
 .debug_macro   0x0000000000033498      0xaf3 ./Core/Src/main.o
 .debug_macro   0x0000000000033f8b      0x29f ./Core/Src/main.o
 .debug_macro   0x000000000003422a      0x693 ./Core/Src/main.o
 .debug_macro   0x00000000000348bd       0xa6 ./Core/Src/main.o
 .debug_macro   0x0000000000034963      0x264 ./Core/Src/main.o
 .debug_macro   0x0000000000034bc7       0x90 ./Core/Src/main.o
 .debug_macro   0x0000000000034c57      0x5a0 ./Core/Src/main.o
 .debug_macro   0x00000000000351f7       0x64 ./Core/Src/main.o
 .debug_macro   0x000000000003525b       0x16 ./Core/Src/main.o
 .debug_macro   0x0000000000035271       0x35 ./Core/Src/main.o
 .debug_macro   0x00000000000352a6       0x20 ./Core/Src/main.o
 .debug_macro   0x00000000000352c6      0x2ee ./Core/Src/stm32h7xx_hal_msp.o
 .debug_macro   0x00000000000355b4      0x2f8 ./Core/Src/stm32h7xx_it.o
 .debug_macro   0x00000000000358ac      0x2df ./Core/Src/system_stm32h7xx.o
 .debug_macro   0x0000000000035b8b      0x309 ./Drivers/STM32H7xx_HAL_Driver/Src/stm32h7xx_hal.o
 .debug_macro   0x0000000000035e94      0x2df ./Drivers/STM32H7xx_HAL_Driver/Src/stm32h7xx_hal_cortex.o
 .debug_macro   0x0000000000036173      0x373 ./Drivers/STM32H7xx_HAL_Driver/Src/stm32h7xx_hal_eth.o
 .debug_macro   0x00000000000364e6      0x2e6 ./Drivers/STM32H7xx_HAL_Driver/Src/stm32h7xx_hal_gpio.o
 .debug_macro   0x00000000000367cc      0x2eb ./Drivers/STM32H7xx_HAL_Driver/Src/stm32h7xx_hal_pcd.o
 .debug_macro   0x0000000000036ab7      0x2df ./Drivers/STM32H7xx_HAL_Driver/Src/stm32h7xx_hal_pcd_ex.o
 .debug_macro   0x0000000000036d96      0x318 ./Drivers/STM32H7xx_HAL_Driver/Src/stm32h7xx_hal_pwr_ex.o
 .debug_macro   0x00000000000370ae      0x303 ./Drivers/STM32H7xx_HAL_Driver/Src/stm32h7xx_hal_rcc.o
 .debug_macro   0x00000000000373b1      0x2fd ./Drivers/STM32H7xx_HAL_Driver/Src/stm32h7xx_hal_rcc_ex.o
 .debug_macro   0x00000000000376ae      0x2e0 ./Drivers/STM32H7xx_HAL_Driver/Src/stm32h7xx_hal_tim.o
 .debug_macro   0x000000000003798e      0x2df ./Drivers/STM32H7xx_HAL_Driver/Src/stm32h7xx_hal_tim_ex.o
 .debug_macro   0x0000000000037c6d      0x30a ./Drivers/STM32H7xx_HAL_Driver/Src/stm32h7xx_hal_uart.o
 .debug_macro   0x0000000000037f77      0x2eb ./Drivers/STM32H7xx_HAL_Driver/Src/stm32h7xx_hal_uart_ex.o
 .debug_macro   0x0000000000038262      0x2df ./Drivers/STM32H7xx_HAL_Driver/Src/stm32h7xx_ll_usb.o

.debug_line     0x0000000000000000    0x19e3e
 .debug_line    0x0000000000000000      0xbca ./Core/Src/main.o
 .debug_line    0x0000000000000bca      0xab7 ./Core/Src/stm32h7xx_hal_msp.o
 .debug_line    0x0000000000001681      0x9f7 ./Core/Src/stm32h7xx_it.o
 .debug_line    0x0000000000002078      0xab4 ./Core/Src/system_stm32h7xx.o
 .debug_line    0x0000000000002b2c       0x88 ./Core/Startup/startup_stm32h743zitx.o
 .debug_line    0x0000000000002bb4      0xeb2 ./Drivers/STM32H7xx_HAL_Driver/Src/stm32h7xx_hal.o
 .debug_line    0x0000000000003a66      0xeb8 ./Drivers/STM32H7xx_HAL_Driver/Src/stm32h7xx_hal_cortex.o
 .debug_line    0x000000000000491e     0x1bf8 ./Drivers/STM32H7xx_HAL_Driver/Src/stm32h7xx_hal_eth.o
 .debug_line    0x0000000000006516      0xd75 ./Drivers/STM32H7xx_HAL_Driver/Src/stm32h7xx_hal_gpio.o
 .debug_line    0x000000000000728b     0x168a ./Drivers/STM32H7xx_HAL_Driver/Src/stm32h7xx_hal_pcd.o
 .debug_line    0x0000000000008915      0xad4 ./Drivers/STM32H7xx_HAL_Driver/Src/stm32h7xx_hal_pcd_ex.o
 .debug_line    0x00000000000093e9      0xfcc ./Drivers/STM32H7xx_HAL_Driver/Src/stm32h7xx_hal_pwr_ex.o
 .debug_line    0x000000000000a3b5     0x1482 ./Drivers/STM32H7xx_HAL_Driver/Src/stm32h7xx_hal_rcc.o
 .debug_line    0x000000000000b837     0x1d50 ./Drivers/STM32H7xx_HAL_Driver/Src/stm32h7xx_hal_rcc_ex.o
 .debug_line    0x000000000000d587     0x3fa3 ./Drivers/STM32H7xx_HAL_Driver/Src/stm32h7xx_hal_tim.o
 .debug_line    0x000000000001152a     0x1e5e ./Drivers/STM32H7xx_HAL_Driver/Src/stm32h7xx_hal_tim_ex.o
 .debug_line    0x0000000000013388     0x3f0f ./Drivers/STM32H7xx_HAL_Driver/Src/stm32h7xx_hal_uart.o
 .debug_line    0x0000000000017297      0xf50 ./Drivers/STM32H7xx_HAL_Driver/Src/stm32h7xx_hal_uart_ex.o
 .debug_line    0x00000000000181e7     0x1c57 ./Drivers/STM32H7xx_HAL_Driver/Src/stm32h7xx_ll_usb.o

.debug_str      0x0000000000000000   0x169857
 .debug_str     0x0000000000000000   0x162f75 ./Core/Src/main.o
                                     0x163567 (size before relaxing)
 .debug_str     0x0000000000162f75      0xc20 ./Core/Src/stm32h7xx_hal_msp.o
                                     0x163b85 (size before relaxing)
 .debug_str     0x0000000000163b95       0xfc ./Core/Src/stm32h7xx_it.o
                                     0x161db7 (size before relaxing)
 .debug_str     0x0000000000163c91      0x330 ./Core/Src/system_stm32h7xx.o
                                     0x161a75 (size before relaxing)
 .debug_str     0x0000000000163fc1       0x36 ./Core/Startup/startup_stm32h743zitx.o
                                         0x72 (size before relaxing)
 .debug_str     0x0000000000163ff7      0x7f9 ./Drivers/STM32H7xx_HAL_Driver/Src/stm32h7xx_hal.o
                                     0x16298b (size before relaxing)
 .debug_str     0x00000000001647f0      0x32c ./Drivers/STM32H7xx_HAL_Driver/Src/stm32h7xx_hal_cortex.o
                                     0x16238e (size before relaxing)
 .debug_str     0x0000000000164b1c      0xfe5 ./Drivers/STM32H7xx_HAL_Driver/Src/stm32h7xx_hal_eth.o
                                     0x1632b0 (size before relaxing)
 .debug_str     0x0000000000165b01       0xd9 ./Drivers/STM32H7xx_HAL_Driver/Src/stm32h7xx_hal_gpio.o
                                     0x161a2c (size before relaxing)
 .debug_str     0x0000000000165bda      0x805 ./Drivers/STM32H7xx_HAL_Driver/Src/stm32h7xx_hal_pcd.o
                                     0x1621e0 (size before relaxing)
 .debug_str     0x00000000001663df      0x174 ./Drivers/STM32H7xx_HAL_Driver/Src/stm32h7xx_hal_pcd_ex.o
                                     0x161b7e (size before relaxing)
 .debug_str     0x0000000000166553      0x61f ./Drivers/STM32H7xx_HAL_Driver/Src/stm32h7xx_hal_pwr_ex.o
                                     0x161eed (size before relaxing)
 .debug_str     0x0000000000166b72      0x21a ./Drivers/STM32H7xx_HAL_Driver/Src/stm32h7xx_hal_rcc.o
                                     0x161e10 (size before relaxing)
 .debug_str     0x0000000000166d8c      0x64b ./Drivers/STM32H7xx_HAL_Driver/Src/stm32h7xx_hal_rcc_ex.o
                                     0x1622f1 (size before relaxing)
 .debug_str     0x00000000001673d7      0xde8 ./Drivers/STM32H7xx_HAL_Driver/Src/stm32h7xx_hal_tim.o
                                     0x162b9f (size before relaxing)
 .debug_str     0x00000000001681bf      0x590 ./Drivers/STM32H7xx_HAL_Driver/Src/stm32h7xx_hal_tim_ex.o
                                     0x1624d7 (size before relaxing)
 .debug_str     0x000000000016874f      0xa4d ./Drivers/STM32H7xx_HAL_Driver/Src/stm32h7xx_hal_uart.o
                                     0x162951 (size before relaxing)
 .debug_str     0x000000000016919c      0x25a ./Drivers/STM32H7xx_HAL_Driver/Src/stm32h7xx_hal_uart_ex.o
                                     0x161f11 (size before relaxing)
 .debug_str     0x00000000001693f6      0x461 ./Drivers/STM32H7xx_HAL_Driver/Src/stm32h7xx_ll_usb.o
                                     0x162089 (size before relaxing)

.comment        0x0000000000000000       0x50
 .comment       0x0000000000000000       0x50 ./Core/Src/main.o
                                         0x51 (size before relaxing)
 .comment       0x0000000000000050       0x51 ./Core/Src/stm32h7xx_hal_msp.o
 .comment       0x0000000000000050       0x51 ./Core/Src/stm32h7xx_it.o
 .comment       0x0000000000000050       0x51 ./Core/Src/system_stm32h7xx.o
 .comment       0x0000000000000050       0x51 ./Drivers/STM32H7xx_HAL_Driver/Src/stm32h7xx_hal.o
 .comment       0x0000000000000050       0x51 ./Drivers/STM32H7xx_HAL_Driver/Src/stm32h7xx_hal_cortex.o
 .comment       0x0000000000000050       0x51 ./Drivers/STM32H7xx_HAL_Driver/Src/stm32h7xx_hal_eth.o
 .comment       0x0000000000000050       0x51 ./Drivers/STM32H7xx_HAL_Driver/Src/stm32h7xx_hal_gpio.o
 .comment       0x0000000000000050       0x51 ./Drivers/STM32H7xx_HAL_Driver/Src/stm32h7xx_hal_pcd.o
 .comment       0x0000000000000050       0x51 ./Drivers/STM32H7xx_HAL_Driver/Src/stm32h7xx_hal_pcd_ex.o
 .comment       0x0000000000000050       0x51 ./Drivers/STM32H7xx_HAL_Driver/Src/stm32h7xx_hal_pwr_ex.o
 .comment       0x0000000000000050       0x51 ./Drivers/STM32H7xx_HAL_Driver/Src/stm32h7xx_hal_rcc.o
 .comment       0x0000000000000050       0x51 ./Drivers/STM32H7xx_HAL_Driver/Src/stm32h7xx_hal_rcc_ex.o
 .comment       0x0000000000000050       0x51 ./Drivers/STM32H7xx_HAL_Driver/Src/stm32h7xx_hal_tim.o
 .comment       0x0000000000000050       0x51 ./Drivers/STM32H7xx_HAL_Driver/Src/stm32h7xx_hal_tim_ex.o
 .comment       0x0000000000000050       0x51 ./Drivers/STM32H7xx_HAL_Driver/Src/stm32h7xx_hal_uart.o
 .comment       0x0000000000000050       0x51 ./Drivers/STM32H7xx_HAL_Driver/Src/stm32h7xx_hal_uart_ex.o
 .comment       0x0000000000000050       0x51 ./Drivers/STM32H7xx_HAL_Driver/Src/stm32h7xx_ll_usb.o

.debug_frame    0x0000000000000000     0x5ab4
 .debug_frame   0x0000000000000000      0x14c ./Core/Src/main.o
 .debug_frame   0x000000000000014c      0x160 ./Core/Src/stm32h7xx_hal_msp.o
 .debug_frame   0x00000000000002ac      0x13c ./Core/Src/stm32h7xx_it.o
 .debug_frame   0x00000000000003e8       0x58 ./Core/Src/system_stm32h7xx.o
 .debug_frame   0x0000000000000440      0x690 ./Drivers/STM32H7xx_HAL_Driver/Src/stm32h7xx_hal.o
 .debug_frame   0x0000000000000ad0      0x4b8 ./Drivers/STM32H7xx_HAL_Driver/Src/stm32h7xx_hal_cortex.o
 .debug_frame   0x0000000000000f88      0x898 ./Drivers/STM32H7xx_HAL_Driver/Src/stm32h7xx_hal_eth.o
 .debug_frame   0x0000000000001820      0x14c ./Drivers/STM32H7xx_HAL_Driver/Src/stm32h7xx_hal_gpio.o
 .debug_frame   0x000000000000196c      0x594 ./Drivers/STM32H7xx_HAL_Driver/Src/stm32h7xx_hal_pcd.o
 .debug_frame   0x0000000000001f00      0x174 ./Drivers/STM32H7xx_HAL_Driver/Src/stm32h7xx_hal_pcd_ex.o
 .debug_frame   0x0000000000002074      0x580 ./Drivers/STM32H7xx_HAL_Driver/Src/stm32h7xx_hal_pwr_ex.o
 .debug_frame   0x00000000000025f4      0x1f8 ./Drivers/STM32H7xx_HAL_Driver/Src/stm32h7xx_hal_rcc.o
 .debug_frame   0x00000000000027ec      0x414 ./Drivers/STM32H7xx_HAL_Driver/Src/stm32h7xx_hal_rcc_ex.o
 .debug_frame   0x0000000000002c00     0x121c ./Drivers/STM32H7xx_HAL_Driver/Src/stm32h7xx_hal_tim.o
 .debug_frame   0x0000000000003e1c      0x6d8 ./Drivers/STM32H7xx_HAL_Driver/Src/stm32h7xx_hal_tim_ex.o
 .debug_frame   0x00000000000044f4      0xa94 ./Drivers/STM32H7xx_HAL_Driver/Src/stm32h7xx_hal_uart.o
 .debug_frame   0x0000000000004f88      0x2c0 ./Drivers/STM32H7xx_HAL_Driver/Src/stm32h7xx_hal_uart_ex.o
 .debug_frame   0x0000000000005248      0x7c0 ./Drivers/STM32H7xx_HAL_Driver/Src/stm32h7xx_ll_usb.o
 .debug_frame   0x0000000000005a08       0x2c /Applications/STM32CubeIDE.app/Contents/Eclipse/plugins/com.st.stm32cube.ide.mcu.externaltools.gnu-tools-for-stm32.10.3-2021.10.macos64_1.0.200.202301161003/tools/bin/../lib/gcc/arm-none-eabi/10.3.1/../../../../arm-none-eabi/lib/thumb/v7e-m+dp/hard/libc_nano.a(lib_a-init.o)
 .debug_frame   0x0000000000005a34       0x20 /Applications/STM32CubeIDE.app/Contents/Eclipse/plugins/com.st.stm32cube.ide.mcu.externaltools.gnu-tools-for-stm32.10.3-2021.10.macos64_1.0.200.202301161003/tools/bin/../lib/gcc/arm-none-eabi/10.3.1/../../../../arm-none-eabi/lib/thumb/v7e-m+dp/hard/libc_nano.a(lib_a-memset.o)
 .debug_frame   0x0000000000005a54       0x2c /Applications/STM32CubeIDE.app/Contents/Eclipse/plugins/com.st.stm32cube.ide.mcu.externaltools.gnu-tools-for-stm32.10.3-2021.10.macos64_1.0.200.202301161003/tools/bin/../lib/gcc/arm-none-eabi/10.3.1/thumb/v7e-m+dp/hard/libgcc.a(_aeabi_uldivmod.o)
 .debug_frame   0x0000000000005a80       0x34 /Applications/STM32CubeIDE.app/Contents/Eclipse/plugins/com.st.stm32cube.ide.mcu.externaltools.gnu-tools-for-stm32.10.3-2021.10.macos64_1.0.200.202301161003/tools/bin/../lib/gcc/arm-none-eabi/10.3.1/thumb/v7e-m+dp/hard/libgcc.a(_udivmoddi4.o)
