../Core/Src/main.c:97:5:main	8	static
../Core/Src/main.c:146:6:SystemClock_Config	120	static
../Core/Src/main.c:207:13:MX_ETH_Init	8	static
../Core/Src/main.c:256:13:MX_TIM2_Init	40	static
../Core/Src/main.c:301:13:MX_TIM3_Init	40	static
../Core/Src/main.c:346:13:MX_USART3_UART_Init	8	static
../Core/Src/main.c:394:13:MX_USB_OTG_FS_PCD_Init	8	static
../Core/Src/main.c:430:13:MX_GPIO_Init	56	static
../Core/Src/main.c:492:6:HAL_TIM_PeriodElapsedCallback	16	static
../Core/Src/main.c:507:6:Error_Handler	4	static,ignoring_inline_asm
