21:24:50 **** Incremental Build of configuration Debug for project STM32-blink ****
make -j7 all 
arm-none-eabi-gcc "../Core/Src/main.c" -mcpu=cortex-m7 -std=gnu11 -g3 -DDEBUG -DUSE_HAL_DRIVER -DSTM32H743xx -c -I../Core/Inc -I../Drivers/STM32H7xx_HAL_Driver/Inc -I../Drivers/STM32H7xx_HAL_Driver/Inc/Legacy -I../Drivers/CMSIS/Device/ST/STM32H7xx/Include -I../Drivers/CMSIS/Include -O0 -ffunction-sections -fdata-sections -Wall -fstack-usage -fcyclomatic-complexity -MMD -MP -MF"Core/Src/main.d" -MT"Core/Src/main.o" --specs=nano.specs -mfpu=fpv5-d16 -mfloat-abi=hard -mthumb -o "Core/Src/main.o"
arm-none-eabi-gcc -o "STM32-blink.elf" @"objects.list"   -mcpu=cortex-m7 -T"/Users/arjun/Documents/GitHub/stm32-blink/STM32-blink/STM32H743ZITX_FLASH.ld" --specs=nosys.specs -Wl,-Map="STM32-blink.map" -Wl,--gc-sections -static --specs=nano.specs -mfpu=fpv5-d16 -mfloat-abi=hard -mthumb -Wl,--start-group -lc -lm -Wl,--end-group
Finished building target: STM32-blink.elf
 
arm-none-eabi-size   STM32-blink.elf 
arm-none-eabi-objdump -h -S  STM32-blink.elf  > "STM32-blink.list"
   text	   data	    bss	    dec	    hex	filename
  29552	    216	   3400	  33168	   8190	STM32-blink.elf
Finished building: default.size.stdout
 
Finished building: STM32-blink.list
 

21:24:51 Build Finished. 0 errors, 0 warnings. (took 920ms)

